--------- beginning of crash
05-31 18:46:33.772  3319  3319 E AndroidRuntime: FATAL EXCEPTION: main
05-31 18:46:33.772  3319  3319 E AndroidRuntime: Process: com.moodle.moodlemobile, PID: 3319
05-31 18:46:33.772  3319  3319 E AndroidRuntime: java.lang.RuntimeException: Unable to start receiver de.appplant.cordova.plugin.localnotification.RestoreReceiver: java.lang.IllegalStateException: SharedPreferences in credential encrypted storage are not available until after user is unlocked
05-31 18:46:33.772  3319  3319 E AndroidRuntime: 	at android.app.ActivityThread.handleReceiver(ActivityThread.java:3415)
05-31 18:46:33.772  3319  3319 E AndroidRuntime: 	at android.app.ActivityThread.access$1200(ActivityThread.java:202)
05-31 18:46:33.772  3319  3319 E AndroidRuntime: 	at android.app.ActivityThread$H.handleMessage(ActivityThread.java:1676)
05-31 18:46:33.772  3319  3319 E AndroidRuntime: 	at android.os.Handler.dispatchMessage(Handler.java:107)
05-31 18:46:33.772  3319  3319 E AndroidRuntime: 	at android.os.Looper.loop(Looper.java:198)
05-31 18:46:33.772  3319  3319 E AndroidRuntime: 	at android.app.ActivityThread.main(ActivityThread.java:6729)
05-31 18:46:33.772  3319  3319 E AndroidRuntime: 	at java.lang.reflect.Method.invoke(Native Method)
05-31 18:46:33.772  3319  3319 E AndroidRuntime: 	at com.android.internal.os.RuntimeInit$MethodAndArgsCaller.run(RuntimeInit.java:493)
05-31 18:46:33.772  3319  3319 E AndroidRuntime: 	at com.android.internal.os.ZygoteInit.main(ZygoteInit.java:858)
05-31 18:46:33.772  3319  3319 E AndroidRuntime: Caused by: java.lang.IllegalStateException: SharedPreferences in credential encrypted storage are not available until after user is unlocked
05-31 18:46:33.772  3319  3319 E AndroidRuntime: 	at android.app.ContextImpl.getSharedPreferences(ContextImpl.java:419)
05-31 18:46:33.772  3319  3319 E AndroidRuntime: 	at android.app.ContextImpl.getSharedPreferences(ContextImpl.java:404)
05-31 18:46:33.772  3319  3319 E AndroidRuntime: 	at android.content.ContextWrapper.getSharedPreferences(ContextWrapper.java:174)
05-31 18:46:33.772  3319  3319 E AndroidRuntime: 	at android.content.ContextWrapper.getSharedPreferences(ContextWrapper.java:174)
05-31 18:46:33.772  3319  3319 E AndroidRuntime: 	at de.appplant.cordova.plugin.notification.Manager.getPrefs(Manager.java:399)
05-31 18:46:33.772  3319  3319 E AndroidRuntime: 	at de.appplant.cordova.plugin.notification.Manager.getIds(Manager.java:206)
05-31 18:46:33.772  3319  3319 E AndroidRuntime: 	at de.appplant.cordova.plugin.notification.Manager.getOptions(Manager.java:291)
05-31 18:46:33.772  3319  3319 E AndroidRuntime: 	at de.appplant.cordova.plugin.notification.receiver.AbstractRestoreReceiver.onReceive(AbstractRestoreReceiver.java:64)
05-31 18:46:33.772  3319  3319 E AndroidRuntime: 	at android.app.ActivityThread.handleReceiver(ActivityThread.java:3406)
05-31 18:46:33.772  3319  3319 E AndroidRuntime: 	... 8 more
--------- beginning of system
06-06 11:03:59.545 25359 30194 I chatty  : uid=1000(system) expire 10 lines
06-06 11:03:59.961  2530  3712 E ActivityThread: Failed to find provider info for user_dictionary
06-06 11:04:02.445  2530  3712 E ActivityThread: Failed to find provider info for user_dictionary
06-06 11:04:02.603  1211  7717 I chatty  : uid=1000(system) pool-14-thread- expire 4 lines
06-06 11:04:02.701  1211  2378 I chatty  : uid=1000 system_server expire 2 lines
06-06 11:04:02.748  1211  1380 I chatty  : uid=1000(system) Binder:1314_2 expire 10 lines
06-06 11:04:02.804  1211  1378 I chatty  : uid=1000(system) /system/bin/netd expire 11 lines
06-06 11:04:03.012  1211  3575 I chatty  : uid=1000 system_server expire 2 lines
06-06 11:04:03.476  1211  1402 I chatty  : uid=1000(system) Binder:1313_1 expire 10 lines
06-06 11:04:04.611  2530  3712 E ActivityThread: Failed to find provider info for user_dictionary
06-06 11:04:04.727  1211 22210 I chatty  : uid=1000 system_server expire 2 lines
06-06 11:04:04.820  1211  3573 I chatty  : uid=1000 system_server expire 5 lines
06-06 11:04:04.893  1211 17165 I chatty  : uid=1000 system_server expire 2 lines
06-06 11:04:05.283  2530  3712 E ActivityThread: Failed to find provider info for user_dictionary
06-06 11:04:05.698  1211  1295 I chatty  : uid=1000 system_server expire 4 lines
06-06 11:04:06.202  1056  1169 E storaged: getDiskStats failed with result NOT_SUPPORTED and size 0
06-06 11:04:06.286  2530  3712 E ActivityThread: Failed to find provider info for user_dictionary
06-06 11:04:07.305  1211  2329 I chatty  : uid=1000(system) Binder:1313_2 expire 252 lines
06-06 11:04:08.383  2530  3712 E ActivityThread: Failed to find provider info for user_dictionary
06-06 11:04:09.217  2530  3712 E ActivityThread: Failed to find provider info for user_dictionary
06-06 11:04:10.064  2530  3712 E ActivityThread: Failed to find provider info for user_dictionary
06-06 11:04:10.372  2530  3712 I chatty  : uid=10153(com.google.android.inputmethod.latin) Binder:2394_4 identical 1 line
06-06 11:04:11.451  2530  3712 E ActivityThread: Failed to find provider info for user_dictionary
06-06 11:04:13.237  2530  3712 E ActivityThread: Failed to find provider info for user_dictionary
06-06 11:04:14.495  2530  3712 E ActivityThread: Failed to find provider info for user_dictionary
06-06 11:04:15.809  1211  1378 I chatty  : uid=1000(system) /system/bin/netd expire 38 lines
06-06 11:04:15.810  1211  1211 I chatty  : uid=1000 system_server expire 64 lines
06-06 11:04:15.985  1211  2287 I chatty  : uid=1000(system) Profile Saver expire 6 lines
06-06 11:04:16.107  2530  3712 E ActivityThread: Failed to find provider info for user_dictionary
06-06 11:04:17.817  1211  2539 I chatty  : uid=1000 system_server expire 1 line
06-06 11:04:29.204  2530  3712 E ActivityThread: Failed to find provider info for user_dictionary
06-06 11:04:29.515  1211  1393 I chatty  : uid=1000 system_server expire 71 lines
06-06 11:04:29.595  1211  1211 I chatty  : uid=1000 system_server expire 39 lines
06-06 11:04:29.888 25359 30194 I chatty  : uid=1000(system) expire 11 lines
06-06 11:04:29.970  1211  2329 I chatty  : uid=1000(system) Binder:1313_2 expire 172 lines
06-06 11:04:31.222  1211  1378 I chatty  : uid=1000(system) /system/bin/netd expire 37 lines
06-06 11:04:43.124  1211  1393 I chatty  : uid=1000 system_server expire 32 lines
06-06 11:04:43.240  1211  1211 I chatty  : uid=1000 system_server expire 31 lines
06-06 11:04:44.479  1211 22210 I chatty  : uid=1000 system_server expire 3 lines
06-06 11:04:44.720  1211  2287 I chatty  : uid=1000(system) Profile Saver expire 4 lines
06-06 11:04:44.837  2530  3712 E ActivityThread: Failed to find provider info for user_dictionary
06-06 11:04:45.285  1211  1402 I chatty  : uid=1000(system) Binder:1313_1 expire 5 lines
06-06 11:04:47.007  1211  3575 I chatty  : uid=1000 system_server expire 12 lines
06-06 11:04:47.887  1211  2329 I chatty  : uid=1000(system) Binder:1313_2 expire 10 lines
06-06 11:04:47.948  1211  2331 I chatty  : uid=1000(system) CallAudioModeSt expire 2 lines
06-06 11:04:48.071  1211  2539 I chatty  : uid=1000 system_server expire 7 lines
06-06 11:04:48.105  2530  3712 E ActivityThread: Failed to find provider info for user_dictionary
06-06 11:04:50.492  1211  7717 I chatty  : uid=1000(system) pool-14-thread- expire 7 lines
06-06 11:04:50.693  1211  1380 I chatty  : uid=1000(system) Binder:1314_2 expire 2 lines
06-06 11:04:51.170  1211  1295 I chatty  : uid=1000 system_server expire 8 lines
06-06 11:04:52.533  1211  5923 I chatty  : uid=1000(system) HeapTaskDaemon expire 6 lines
06-06 11:04:52.543  2530  3712 E ActivityThread: Failed to find provider info for user_dictionary
06-06 11:05:01.676  1211  2818 I chatty  : uid=1000 system_server expire 5 lines
06-06 11:05:03.296 25359 30194 I chatty  : uid=1000(system) expire 23 lines
06-06 11:05:06.204  1056  1169 E storaged: getDiskStats failed with result NOT_SUPPORTED and size 0
06-06 11:05:16.003  1211  2329 I chatty  : uid=1000(system) Binder:1313_2 expire 25 lines
06-06 11:05:49.498  1211  1211 I chatty  : uid=1000 system_server expire 7 lines
06-06 11:06:05.973  1211  3312 I chatty  : uid=1000 system_server expire 10 lines
06-06 11:06:06.205  1056  1169 E storaged: getDiskStats failed with result NOT_SUPPORTED and size 0
06-06 11:06:07.219 25359 30194 I chatty  : uid=1000(system) expire 18 lines
06-06 11:06:19.384  1211  2329 I chatty  : uid=1000(system) Binder:1313_2 expire 73 lines
06-06 11:06:34.238  1211  3569 I chatty  : uid=1000 system_server expire 3 lines
06-06 11:06:49.241  1211  9440 I chatty  : uid=1000 system_server expire 4 lines
06-06 11:06:54.570  1211  1393 I chatty  : uid=1000 system_server expire 1 line
06-06 11:07:06.207  1056  1169 E storaged: getDiskStats failed with result NOT_SUPPORTED and size 0
06-06 11:07:08.037 25359 30194 I chatty  : uid=1000(system) expire 20 lines
06-06 11:07:17.129  1211 31691 I chatty  : uid=1000 system_server expire 2 lines
06-06 11:07:21.481  1211  2329 I chatty  : uid=1000(system) Binder:1313_2 expire 130 lines
06-06 11:07:21.482  1211  1393 I chatty  : uid=1000 system_server expire 38 lines
06-06 11:08:06.210  1056  1169 E storaged: getDiskStats failed with result NOT_SUPPORTED and size 0
06-06 11:08:08.774 25359 30194 I chatty  : uid=1000(system) expire 19 lines
06-06 11:08:12.317  1211  2329 I chatty  : uid=1000(system) Binder:1313_2 expire 1662 lines
06-06 11:08:12.375  1211  1400 I chatty  : uid=1000 system_server expire 16 lines
06-06 11:08:12.376  1211  1211 I chatty  : uid=1000 system_server expire 20 lines
06-06 11:08:12.445  1211  1378 I chatty  : uid=1000(system) /system/bin/netd expire 55 lines
06-06 11:08:12.717  1211  2430 I chatty  : uid=1000 system_server expire 4 lines
06-06 11:08:17.668  1211  1393 I chatty  : uid=1000 system_server expire 459 lines
06-06 11:08:18.441  1211  1401 I chatty  : uid=1000 system_server expire 5 lines
06-06 11:08:18.459  1211 31734 I chatty  : uid=1000 system_server expire 1 line
06-06 11:08:30.528  1211 31747 I chatty  : uid=1000 system_server expire 1 line
06-06 11:08:34.307  1211  3233 I chatty  : uid=1000 system_server expire 244 lines
06-06 11:08:36.952  1211 31759 I chatty  : uid=1000 system_server expire 1 line
06-06 11:08:40.618  1211 31766 I chatty  : uid=1000 system_server expire 1 line
06-06 11:08:55.299  1211 31773 I chatty  : uid=1000 system_server expire 1 line
06-06 11:09:06.213  1056  1169 E storaged: getDiskStats failed with result NOT_SUPPORTED and size 0
06-06 11:09:06.558 25359 30194 I chatty  : uid=1000(system) expire 20 lines
06-06 11:09:07.158  1211  2329 I chatty  : uid=1000(system) Binder:1313_2 expire 1035 lines
06-06 11:09:09.915  1211  1393 I chatty  : uid=1000 system_server expire 178 lines
06-06 11:09:35.566  1211  3233 I chatty  : uid=1000 system_server expire 7 lines
06-06 11:09:40.377  1211  9440 I chatty  : uid=1000 system_server expire 3 lines
06-06 11:09:49.020  1211  3312 I chatty  : uid=1000 system_server expire 3 lines
06-06 11:09:49.909  1211  1211 I chatty  : uid=1000 system_server expire 1 line
06-06 11:09:49.910  1211  2430 I chatty  : uid=1000 system_server expire 4 lines
06-06 11:10:06.214  1056  1169 E storaged: getDiskStats failed with result NOT_SUPPORTED and size 0
06-06 11:10:07.199 25359 30194 I chatty  : uid=1000(system) expire 25 lines
06-06 11:10:28.186  1211  2329 I chatty  : uid=1000(system) Binder:1313_2 expire 20 lines
06-06 11:10:28.187  1211  1393 I chatty  : uid=1000 system_server expire 10 lines
06-06 11:11:06.216  1056  1169 E storaged: getDiskStats failed with result NOT_SUPPORTED and size 0
06-06 11:11:07.961 25359 30194 I chatty  : uid=1000(system) expire 24 lines
06-06 11:11:08.020  1211  2329 I chatty  : uid=1000(system) Binder:1313_2 expire 426 lines
06-06 11:11:27.008  1211  5923 I chatty  : uid=1000(system) HeapTaskDaemon expire 1 line
06-06 11:11:53.934  1211  1393 I chatty  : uid=1000 system_server expire 89 lines
06-06 11:12:06.219  1056  1169 E storaged: getDiskStats failed with result NOT_SUPPORTED and size 0
06-06 11:12:08.617 25359 30194 I chatty  : uid=1000(system) expire 10 lines
06-06 11:12:14.226  1211  2329 I chatty  : uid=1000(system) Binder:1313_2 expire 25 lines
06-06 11:12:15.113  1211  1211 I chatty  : uid=1000 system_server expire 1 line
06-06 11:13:02.858  1211  1295 I chatty  : uid=1000 system_server expire 1 line
06-06 11:13:06.220  1056  1169 E storaged: getDiskStats failed with result NOT_SUPPORTED and size 0
06-06 11:13:06.259 25359 30194 I chatty  : uid=1000(system) expire 19 lines
06-06 11:13:08.791  1211  2329 I chatty  : uid=1000(system) Binder:1313_2 expire 133 lines
06-06 11:13:08.791  1211  1393 I chatty  : uid=1000 system_server expire 30 lines
06-06 11:13:49.583  1211  2818 I chatty  : uid=1000 system_server expire 1 line
06-06 11:13:54.862  1211  3233 I chatty  : uid=1000 system_server expire 2 lines
06-06 11:14:00.653  1211 22210 I chatty  : uid=1000 system_server expire 3 lines
06-06 11:14:02.144  1211  3575 I chatty  : uid=1000 system_server expire 19 lines
06-06 11:14:06.221  1056  1169 E storaged: getDiskStats failed with result NOT_SUPPORTED and size 0
06-06 11:14:06.928 25359 30194 I chatty  : uid=1000(system) expire 24 lines
06-06 11:14:07.620  1211  1378 I chatty  : uid=1000(system) /system/bin/netd expire 2 lines
06-06 11:14:07.757  1211  2287 I chatty  : uid=1000(system) Profile Saver expire 1 line
06-06 11:14:07.781  1211  3577 I chatty  : uid=1000(system) com.android.smspush expire 1 line
06-06 11:14:07.900  1211  8101 I chatty  : uid=1000 system_server expire 1 line
06-06 11:14:15.699  1211  3579 I chatty  : uid=1000 system_server expire 3 lines
06-06 11:14:15.945  1211  2329 I chatty  : uid=1000(system) Binder:1313_2 expire 39 lines
06-06 11:14:15.945  1211  1393 I chatty  : uid=1000 system_server expire 10 lines
06-06 11:14:17.291  1211  1402 I chatty  : uid=1000(system) Binder:1313_1 expire 1 line
06-06 11:15:01.137  1211  1211 I chatty  : uid=1000 system_server expire 1 line
06-06 11:15:06.223  1056  1169 E storaged: getDiskStats failed with result NOT_SUPPORTED and size 0
06-06 11:15:07.652 25359 30194 I chatty  : uid=1000(system) expire 15 lines
06-06 11:15:13.544  1211  2329 I chatty  : uid=1000(system) Binder:1313_2 expire 329 lines
06-06 11:15:16.784  1211  1393 I chatty  : uid=1000 system_server expire 63 lines
06-06 11:16:06.225  1056  1169 E storaged: getDiskStats failed with result NOT_SUPPORTED and size 0
06-06 11:16:06.233  1211  1393 I chatty  : uid=1000 system_server expire 12 lines
06-06 11:16:08.355 25359 30194 I chatty  : uid=1000(system) expire 20 lines
06-06 11:16:10.404  1211  3579 I chatty  : uid=1000 system_server expire 2 lines
06-06 11:16:13.853  1211  2329 I chatty  : uid=1000(system) Binder:1313_2 expire 119 lines
06-06 11:16:22.208  1211  1393 I chatty  : uid=1000 system_server expire 28 lines
06-06 11:17:06.226  1056  1169 E storaged: getDiskStats failed with result NOT_SUPPORTED and size 0
06-06 11:17:08.219  1211  2329 I chatty  : uid=1000(system) Binder:1313_2 expire 32 lines
06-06 11:17:09.192 25359 30194 I chatty  : uid=1000(system) expire 21 lines
06-06 11:17:16.587  1211  1393 I chatty  : uid=1000 system_server expire 26 lines
06-06 11:17:18.544  1211  2329 I chatty  : uid=1000(system) Binder:1313_2 expire 77 lines
06-06 11:18:06.227  1056  1169 E storaged: getDiskStats failed with result NOT_SUPPORTED and size 0
06-06 11:18:06.884 25359 30194 I chatty  : uid=1000(system) expire 18 lines
06-06 11:18:19.402  1211  2329 I chatty  : uid=1000(system) Binder:1313_2 expire 117 lines
06-06 11:18:23.657  1211  1393 I chatty  : uid=1000 system_server expire 31 lines
06-06 11:18:57.109  1211  1211 I chatty  : uid=1000 system_server expire 5 lines
06-06 11:19:06.230  1056  1169 E storaged: getDiskStats failed with result NOT_SUPPORTED and size 0
06-06 11:19:07.609 25359 30194 I chatty  : uid=1000(system) expire 11 lines
06-06 11:19:09.146  1211  2329 I chatty  : uid=1000(system) Binder:1313_2 expire 81 lines
06-06 11:19:18.625  1211  1393 I chatty  : uid=1000 system_server expire 10 lines
06-06 11:19:29.824  1211  1379 I chatty  : uid=1000(system) Binder:1314_1 expire 4 lines
06-06 11:19:29.828  1211 32462 I chatty  : uid=1000 system_server expire 2 lines
06-06 11:19:30.207  2530  3712 E ActivityThread: Failed to find provider info for user_dictionary
06-06 11:19:32.226  2530  3712 E ActivityThread: Failed to find provider info for user_dictionary
06-06 11:19:33.577  1211  2329 I chatty  : uid=1000(system) Binder:1313_2 expire 15 lines
06-06 11:19:40.694  1211  1393 I chatty  : uid=1000 system_server expire 1 line
06-06 11:19:41.068 25359 30194 I chatty  : uid=1000(system) expire 11 lines
06-06 11:19:47.897  1211  1378 I chatty  : uid=1000(system) /system/bin/netd expire 3 lines
06-06 11:19:49.999  1211  1377 I chatty  : uid=1000(system) /system/bin/netd expire 1 line
06-06 11:19:50.036  1211  1380 I chatty  : uid=1000(system) Binder:1314_2 expire 16 lines
06-06 11:19:51.314  1211  2818 I chatty  : uid=1000 system_server expire 3 lines
06-06 11:19:51.463  1211  5923 I chatty  : uid=1000(system) HeapTaskDaemon expire 1 line
06-06 11:19:53.696  1211  1211 I chatty  : uid=1000 system_server expire 7 lines
06-06 11:19:53.974  1211  3577 I chatty  : uid=1000(system) com.android.smspush expire 6 lines
06-06 11:19:54.364  1211  3575 I chatty  : uid=1000 system_server expire 1 line
06-06 11:19:55.263  1211  2329 I chatty  : uid=1000(system) Binder:1313_2 expire 45 lines
06-06 11:19:55.263  1211  1393 I chatty  : uid=1000 system_server expire 10 lines
06-06 11:19:55.542  1211 22210 I chatty  : uid=1000 system_server expire 5 lines
06-06 11:19:56.907  1211  2378 I chatty  : uid=1000 system_server expire 1 line
06-06 11:19:57.196  1211  2539 I chatty  : uid=1000 system_server expire 1 line
06-06 11:19:59.548  1211  2396 I chatty  : uid=1000 system_server expire 9 lines
06-06 11:20:01.485  1211 14167 I chatty  : uid=1000 system_server expire 1 line
06-06 11:20:06.231  1056  1169 E storaged: getDiskStats failed with result NOT_SUPPORTED and size 0
06-06 11:20:09.100  1211  1393 I chatty  : uid=1000 system_server expire 10 lines
06-06 11:20:14.558 25359 30194 I chatty  : uid=1000(system) expire 18 lines
06-06 11:20:15.041  1211  7717 I chatty  : uid=1000(system) pool-14-thread- expire 3 lines
06-06 11:20:15.199  2530  3712 E ActivityThread: Failed to find provider info for user_dictionary
06-06 11:20:15.256  1211  1402 I chatty  : uid=1000(system) Binder:1313_1 expire 3 lines
06-06 11:20:16.267  2530  3712 E ActivityThread: Failed to find provider info for user_dictionary
06-06 11:20:16.822  1211  2329 I chatty  : uid=1000(system) Binder:1313_2 expire 115 lines
06-06 11:20:16.842  1211  3569 I chatty  : uid=1000 system_server expire 5 lines
06-06 11:20:24.621  1211  1393 I chatty  : uid=1000 system_server expire 20 lines
06-06 11:20:27.227  1211  1211 I chatty  : uid=1000 system_server expire 1 line
06-06 11:20:37.890  1211  3577 I chatty  : uid=1000(system) com.android.smspush expire 1 line
06-06 11:21:06.238  1056  1169 E storaged: getDiskStats failed with result NOT_SUPPORTED and size 0
06-06 11:21:06.295 25359 30194 I chatty  : uid=1000(system) expire 6 lines
06-06 11:21:17.937  1211  7717 I chatty  : uid=1000(system) pool-14-thread- expire 7 lines
06-06 11:21:18.162  1211  1380 I chatty  : uid=1000(system) Binder:1314_2 expire 6 lines
06-06 11:21:19.198  1211  2332 I chatty  : uid=1000(system) Recents-HighRes expire 2 lines
06-06 11:21:19.198  1211  1211 I chatty  : uid=1000 system_server expire 35 lines
06-06 11:21:19.265  2530  3712 E ActivityThread: Failed to find provider info for user_dictionary
06-06 11:21:19.330  1211  2507 I chatty  : uid=1000 system_server expire 8 lines
06-06 11:21:19.332  1211  1406 I chatty  : uid=1000(system) HwBinder:1312_2 expire 15 lines
06-06 11:21:19.349  1211  2329 I chatty  : uid=1000(system) Binder:1313_2 expire 168 lines
06-06 11:21:19.448  1211  1402 I chatty  : uid=1000(system) Binder:1313_1 expire 6 lines
06-06 11:21:19.694  1211  1400 I chatty  : uid=1000 system_server expire 10 lines
06-06 11:21:19.721  2545  2545 V DreamService[DozeService]: onCreate()
06-06 11:21:19.749  2545  2545 V DreamService[DozeService]: onBind() intent = Intent { act=android.service.dreams.DreamService flg=0x800000 cmp=com.android.systemui/.doze.DozeService }
06-06 11:21:19.769  2545  2545 V DreamService[DozeService]: Calling onDreamingStarted()
06-06 11:21:19.769  2545  2545 V DreamService[DozeService]: onDreamingStarted()
06-06 11:21:22.012  1211  3569 I chatty  : uid=1000 system_server expire 2 lines
06-06 11:21:22.322  1211  1378 I chatty  : uid=1000(system) /system/bin/netd expire 14 lines
06-06 11:21:22.407  1211  2818 I chatty  : uid=1000 system_server expire 1 line
06-06 11:21:22.408  2545  2545 V KeyguardStatusView: refresh statusview showing:true
06-06 11:21:22.414  2545  2545 V KeyguardDisplayManager: show
06-06 11:21:41.630  1211  1393 I chatty  : uid=1000 system_server expire 36 lines
06-06 11:22:03.511  1211  1377 I chatty  : uid=1000(system) /system/bin/netd expire 2 lines
06-06 11:22:38.254  1211  3312 I chatty  : uid=1000 system_server expire 2 lines
06-06 11:23:22.831  1056  1169 E storaged: getDiskStats failed with result NOT_SUPPORTED and size 0
06-06 11:24:03.728  1211  2396 I chatty  : uid=1000 system_server expire 4 lines
06-06 11:24:03.912  1211  1280 I chatty  : uid=1000 system_server expire 3 lines
06-06 11:24:04.326  1211 14167 I chatty  : uid=1000 system_server expire 1 line
06-06 11:24:04.415  1211  1297 I chatty  : uid=1000 system_server expire 2 lines
06-06 11:24:05.396  1211  1379 I chatty  : uid=1000(system) Binder:1314_1 expire 1 line
06-06 11:24:51.723  1211  2329 I chatty  : uid=1000(system) Binder:1313_2 expire 24 lines
06-06 11:24:55.266  1211  1393 I chatty  : uid=1000 system_server expire 10 lines
06-06 11:25:10.631  1211  2430 I chatty  : uid=1000 system_server expire 4 lines
06-06 11:25:10.794  2545  2545 V DreamService[DozeService]: wakeUp(): fromSystem=true, mWaking=false, mFinished=false
06-06 11:25:10.794  2545  2545 V DreamService[DozeService]: finish(): mFinished=false
06-06 11:25:10.794  1211  2539 I chatty  : uid=1000 system_server expire 1 line
06-06 11:25:10.809  2545  2545 V DreamService[DozeService]: detach(): Calling onDreamingStopped()
06-06 11:25:10.809  2545  2545 V DreamService[DozeService]: onDreamingStopped()
06-06 11:25:10.815  2545  2545 V DreamService[DozeService]: finish(): mFinished=true
06-06 11:25:10.834  2545  2545 V DreamService[DozeService]: onDestroy()
06-06 11:25:11.293  1211  2329 I chatty  : uid=1000(system) Binder:1313_2 expire 5 lines
06-06 11:25:11.377  1211  1400 I chatty  : uid=1000 system_server expire 1 line
06-06 11:25:13.395  2545  2545 W FingerprintManager: Invalid acquired message: 6, 102
06-06 11:25:13.594  1211  1211 I chatty  : uid=1000 system_server expire 8 lines
06-06 11:25:13.602  1211  1571 I chatty  : uid=1000 system_server expire 1 line
06-06 11:25:13.617  1211  3577 I chatty  : uid=1000(system) com.android.smspush expire 3 lines
06-06 11:25:13.763  2545  2545 V KeyguardDisplayManager: hide
06-06 11:25:13.988  1211 22210 I chatty  : uid=1000 system_server expire 1 line
06-06 11:25:14.043  2530  3712 E ActivityThread: Failed to find provider info for user_dictionary
06-06 11:25:14.068 25359  1481 I chatty  : uid=1000(system) expire 34 lines
06-06 11:25:19.791  1211  7717 I chatty  : uid=1000(system) pool-14-thread- expire 6 lines
06-06 11:25:24.009  1056  1169 E storaged: getDiskStats failed with result NOT_SUPPORTED and size 0
06-06 11:25:25.697  1211  1211 I chatty  : uid=1000 system_server expire 10 lines
06-06 11:25:25.743  1211  2528 I chatty  : uid=1000 system_server expire 3 lines
06-06 11:25:25.854  1211  3577 I chatty  : uid=1000(system) com.android.smspush expire 6 lines
06-06 11:25:27.462  1211 22210 I chatty  : uid=1000 system_server expire 10 lines
06-06 11:25:29.078  1211  2835 I chatty  : uid=1000 system_server expire 5 lines
06-06 11:25:41.455  1211  3233 I chatty  : uid=1000 system_server expire 10 lines
06-06 11:25:41.455  1211  1393 I chatty  : uid=1000 system_server expire 10 lines
06-06 11:26:24.010  1056  1169 E storaged: getDiskStats failed with result NOT_SUPPORTED and size 0
06-06 11:26:26.996 25359  1481 I chatty  : uid=1000(system) expire 21 lines
06-06 11:27:01.836  1211  3233 I chatty  : uid=1000 system_server expire 10 lines
06-06 11:27:24.011  1056  1169 E storaged: getDiskStats failed with result NOT_SUPPORTED and size 0
06-06 11:27:24.701 25359  1481 I chatty  : uid=1000(system) expire 17 lines
06-06 11:28:13.206  1211  1295 I chatty  : uid=1000 system_server expire 4 lines
06-06 11:28:24.015  1056  1169 E storaged: getDiskStats failed with result NOT_SUPPORTED and size 0
06-06 11:28:25.280 25359  1481 I chatty  : uid=1000(system) expire 10 lines
06-06 11:29:02.403  1211  3233 I chatty  : uid=1000 system_server expire 10 lines
06-06 11:29:13.502  1211  1211 I chatty  : uid=1000 system_server expire 8 lines
06-06 11:29:24.019  1056  1169 E storaged: getDiskStats failed with result NOT_SUPPORTED and size 0
06-06 11:29:25.959 25359  1481 I chatty  : uid=1000(system) expire 20 lines
06-06 11:29:39.440  1211  1401 I chatty  : uid=1000 system_server expire 2 lines
06-06 11:30:24.023  1056  1169 E storaged: getDiskStats failed with result NOT_SUPPORTED and size 0
06-06 11:30:26.580 25359  1481 I chatty  : uid=1000(system) expire 19 lines
06-06 11:31:02.974  1211  3233 I chatty  : uid=1000 system_server expire 12 lines
06-06 11:31:24.295  1056  1169 E storaged: getDiskStats failed with result NOT_SUPPORTED and size 0
06-06 11:31:24.367 25359  1481 I chatty  : uid=1000(system) expire 30 lines
06-06 11:32:24.296  1056  1169 E storaged: getDiskStats failed with result NOT_SUPPORTED and size 0
06-06 11:32:25.172 25359  1481 I chatty  : uid=1000(system) expire 16 lines
06-06 11:33:24.299  1056  1169 E storaged: getDiskStats failed with result NOT_SUPPORTED and size 0
06-06 11:33:25.881 25359  1481 I chatty  : uid=1000(system) expire 4 lines
06-06 11:33:43.757  1211  3233 I chatty  : uid=1000 system_server expire 14 lines
06-06 11:33:43.757  1211  1393 I chatty  : uid=1000 system_server expire 8 lines
06-06 11:33:53.984  1211  2332 I chatty  : uid=1000(system) Recents-HighRes expire 2 lines
06-06 11:33:54.047  2530  3712 E ActivityThread: Failed to find provider info for user_dictionary
06-06 11:33:54.197  1211  2507 I chatty  : uid=1000 system_server expire 4 lines
06-06 11:33:54.210  1211  1406 I chatty  : uid=1000(system) HwBinder:1312_2 expire 10 lines
06-06 11:33:54.315  1211  1402 I chatty  : uid=1000(system) Binder:1313_1 expire 4 lines
06-06 11:33:54.552  1211  1400 I chatty  : uid=1000 system_server expire 9 lines
06-06 11:33:54.717  2545  2545 V DreamService[DozeService]: onCreate()
06-06 11:33:54.729  2545  2545 V DreamService[DozeService]: onBind() intent = Intent { act=android.service.dreams.DreamService flg=0x800000 cmp=com.android.systemui/.doze.DozeService }
06-06 11:33:54.734  2545  2545 V DreamService[DozeService]: Calling onDreamingStarted()
06-06 11:33:54.734  2545  2545 V DreamService[DozeService]: onDreamingStarted()
06-06 11:33:54.874  1211  3577 I chatty  : uid=1000(system) com.android.smspush expire 19 lines
06-06 11:33:54.971  1211  1211 I chatty  : uid=1000 system_server expire 12 lines
06-06 11:33:54.990  1211  1295 I chatty  : uid=1000 system_server expire 1 line
06-06 11:33:55.001  1211  1378 I chatty  : uid=1000(system) /system/bin/netd expire 9 lines
06-06 11:33:55.079  2545  2545 V KeyguardStatusView: refresh statusview showing:true
06-06 11:33:55.090  2545  2545 V KeyguardDisplayManager: show
06-06 11:34:40.367  1211  3233 I chatty  : uid=1000 system_server expire 14 lines
06-06 11:35:03.467  1211  2818 I chatty  : uid=1000 system_server expire 2 lines
06-06 11:35:03.474  2545  2545 W FingerprintManager: Invalid acquired message: 6, 102
06-06 11:35:03.510  1211  2280 I chatty  : uid=1000(system) Binder:1811_7 expire 1 line
06-06 11:35:03.654  2545  2545 V KeyguardDisplayManager: hide
06-06 11:35:03.657  1211  7717 I chatty  : uid=1000(system) pool-14-thread- expire 1 line
06-06 11:35:03.765  1211  1211 I chatty  : uid=1000 system_server expire 15 lines
06-06 11:35:03.964  1211  2528 I chatty  : uid=1000 system_server expire 1 line
06-06 11:35:04.006  2530  3712 E ActivityThread: Failed to find provider info for user_dictionary
06-06 11:35:04.213  2545  2545 V DreamService[DozeService]: wakeUp(): fromSystem=true, mWaking=false, mFinished=false
06-06 11:35:04.214  2545  2545 V DreamService[DozeService]: finish(): mFinished=false
06-06 11:35:04.215  2545  2545 V DreamService[DozeService]: detach(): Calling onDreamingStopped()
06-06 11:35:04.215  2545  2545 V DreamService[DozeService]: onDreamingStopped()
06-06 11:35:04.222  2545  2545 V DreamService[DozeService]: finish(): mFinished=true
06-06 11:35:04.222  2545  2545 V DreamService[DozeService]: onDestroy()
06-06 11:35:07.084 25359  2341 I chatty  : uid=1000(system) expire 10 lines
06-06 11:35:10.304  1211  1378 I chatty  : uid=1000(system) /system/bin/netd expire 10 lines
06-06 11:35:10.363  1211  3233 I chatty  : uid=1000 system_server expire 14 lines
06-06 11:35:10.363  1211  1393 I chatty  : uid=1000 system_server expire 11 lines
06-06 11:35:12.853  1211  1295 I chatty  : uid=1000 system_server expire 7 lines
06-06 11:35:14.101  1056  1169 E storaged: getDiskStats failed with result NOT_SUPPORTED and size 0
06-06 11:35:16.248  1211  9440 I chatty  : uid=1000 system_server expire 9 lines
06-06 11:35:19.823  1211  2818 I chatty  : uid=1000 system_server expire 11 lines
06-06 11:35:24.006  1211  3575 I chatty  : uid=1000 system_server expire 1 line
06-06 11:35:25.044  1211  5923 I chatty  : uid=1000(system) HeapTaskDaemon expire 6 lines
06-06 11:35:31.311  1211  2332 I chatty  : uid=1000(system) Recents-HighRes expire 2 lines
06-06 11:35:31.389  2530  3712 E ActivityThread: Failed to find provider info for user_dictionary
06-06 11:35:31.393  1211  2507 I chatty  : uid=1000 system_server expire 8 lines
06-06 11:35:31.402  1211  1406 I chatty  : uid=1000(system) HwBinder:1312_2 expire 11 lines
06-06 11:35:31.486  1211  1402 I chatty  : uid=1000(system) Binder:1313_1 expire 10 lines
06-06 11:35:31.729  1211  1400 I chatty  : uid=1000 system_server expire 9 lines
06-06 11:35:31.739  2545  2545 V DreamService[DozeService]: onCreate()
06-06 11:35:31.745  2545  2545 V DreamService[DozeService]: onBind() intent = Intent { act=android.service.dreams.DreamService flg=0x800000 cmp=com.android.systemui/.doze.DozeService }
06-06 11:35:31.748  2545  2545 V DreamService[DozeService]: Calling onDreamingStarted()
06-06 11:35:31.748  2545  2545 V DreamService[DozeService]: onDreamingStarted()
06-06 11:35:31.922  1211  1211 I chatty  : uid=1000 system_server expire 14 lines
06-06 11:35:32.074  2545  2545 V KeyguardStatusView: refresh statusview showing:true
06-06 11:35:32.081  2545  2545 V KeyguardDisplayManager: show
06-06 11:35:33.838  1211  3233 I chatty  : uid=1000 system_server expire 14 lines
06-06 11:35:57.776  2545  2545 W FingerprintManager: Invalid acquired message: 6, 102
06-06 11:35:57.928  1211  3233 I chatty  : uid=1000 system_server expire 15 lines
06-06 11:35:57.945  1211  2643 I chatty  : uid=1000 system_server expire 2 lines
06-06 11:35:58.199  2545  2545 V DreamService[DozeService]: wakeUp(): fromSystem=true, mWaking=false, mFinished=false
06-06 11:35:58.200  2545  2545 V DreamService[DozeService]: finish(): mFinished=false
06-06 11:35:58.200  1211  2396 I chatty  : uid=1000 system_server expire 6 lines
06-06 11:35:58.236  1211  1211 I chatty  : uid=1000 system_server expire 10 lines
06-06 11:35:58.252  2545  2545 V DreamService[DozeService]: detach(): Calling onDreamingStopped()
06-06 11:35:58.252  2545  2545 V DreamService[DozeService]: onDreamingStopped()
06-06 11:35:58.257  2545  2545 V DreamService[DozeService]: finish(): mFinished=true
06-06 11:35:58.258  2545  2545 V DreamService[DozeService]: onDestroy()
06-06 11:35:58.792  1211  1379 I chatty  : uid=1000(system) Binder:1314_1 expire 4 lines
06-06 11:36:03.439  1057  1057 W wificond: Scan aborted
06-06 11:36:08.671  1211  2329 I chatty  : uid=1000(system) Binder:1313_2 expire 22 lines
06-06 11:36:08.746  1211  1393 I chatty  : uid=1000 system_server expire 11 lines
06-06 11:36:08.751  2545  2545 W FingerprintManager: Invalid acquired message: 6, 102
06-06 11:36:08.817  1211  1406 I chatty  : uid=1000(system) HwBinder:1312_2 expire 7 lines
06-06 11:36:08.855  2545  2545 W FingerprintManager: Invalid acquired message: 6, 8
06-06 11:36:08.855  2545  2545 W FingerprintManager: Invalid acquired message: 6, 103
06-06 11:38:10.282  1211  1380 I chatty  : uid=1000(system) Binder:1314_2 expire 2 lines
06-06 11:38:10.741  2714  2714 D ActivityThread: Loading provider com.whatsapp.provider.contact: com.whatsapp.contact.ContactProvider
06-06 11:38:11.237  1211  1211 I chatty  : uid=1000 system_server expire 14 lines
06-06 11:38:13.953  2545  2545 W FingerprintManager: Invalid acquired message: 6, 102
06-06 11:38:14.056  1211  2850 I chatty  : uid=1000 system_server expire 1 line
06-06 11:38:14.157  2545  2545 V KeyguardDisplayManager: hide
06-06 11:38:14.280  1211  3312 I chatty  : uid=1000 system_server expire 4 lines
06-06 11:38:14.374  2530  3712 E ActivityThread: Failed to find provider info for user_dictionary
06-06 11:38:17.548 25359  2899 I chatty  : uid=1000(system) expire 15 lines
06-06 11:38:22.379  1211  1378 I chatty  : uid=1000(system) /system/bin/netd expire 8 lines
06-06 11:38:22.382  2530  3712 E ActivityThread: Failed to find provider info for user_dictionary
06-06 11:38:22.676  1211  9440 I chatty  : uid=1000 system_server expire 8 lines
06-06 11:38:22.882  1211  1402 I chatty  : uid=1000(system) Binder:1313_1 expire 7 lines
06-06 11:38:23.320  1211  3233 I chatty  : uid=1000 system_server expire 10 lines
06-06 11:38:23.321  1211  1393 I chatty  : uid=1000 system_server expire 2 lines
06-06 11:38:23.398  1056  1169 E storaged: getDiskStats failed with result NOT_SUPPORTED and size 0
06-06 11:38:25.570  1211  2396 I chatty  : uid=1000 system_server expire 12 lines
06-06 11:38:26.868  2530  3712 E ActivityThread: Failed to find provider info for user_dictionary
06-06 11:38:28.549  1211  3573 I chatty  : uid=1000 system_server expire 5 lines
06-06 11:38:28.643  1211  1295 I chatty  : uid=1000 system_server expire 1 line
06-06 11:38:28.765  1211  2378 I chatty  : uid=1000 system_server expire 8 lines
06-06 11:38:28.765  1211 14167 I chatty  : uid=1000 system_server expire 3 lines
06-06 11:38:28.771  1211  5923 I chatty  : uid=1000(system) HeapTaskDaemon expire 3 lines
06-06 11:38:28.840  1211  8101 I chatty  : uid=1000 system_server expire 2 lines
06-06 11:38:28.939  1211  3569 I chatty  : uid=1000 system_server expire 2 lines
06-06 11:38:28.940  1211  2539 I chatty  : uid=1000 system_server expire 1 line
06-06 11:38:29.078  1211  7072 I chatty  : uid=1000(system) Binder:7059_2 expire 2 lines
06-06 11:38:29.512  1211  3551 I chatty  : uid=1000 system_server expire 9 lines
06-06 11:38:29.663  1211  1380 I chatty  : uid=1000(system) Binder:1314_2 expire 8 lines
06-06 11:38:30.104  2545  2545 I WallpaperServices: receive MSG_WINDOW_RESIZED
06-06 11:38:30.109  2545  2545 I WallpaperServices: updateSurface redrawNeeded: false creating: false relayoutResult: 1
06-06 11:38:30.109  2545  2545 I WallpaperServices: updateSurface redrawNeeded: false mUpdateSurfaceThenRedraw: false
06-06 11:38:30.692  2530  3712 E ActivityThread: Failed to find provider info for user_dictionary
06-06 11:38:32.932  1211  1211 I chatty  : uid=1000 system_server expire 3 lines
06-06 11:38:38.195  1211  9742 I chatty  : uid=1000 system_server expire 1 line
06-06 11:38:38.334  1211  3571 I chatty  : uid=1000 system_server expire 1 line
06-06 11:39:03.091 25359  2899 I chatty  : uid=1000(system) expire 19 lines
06-06 11:39:15.821  1211  1380 I chatty  : uid=1000(system) Binder:1314_2 expire 2 lines
06-06 11:39:16.390  1211  3571 I chatty  : uid=1000 system_server expire 1 line
06-06 11:39:16.709  1211  1211 I chatty  : uid=1000 system_server expire 3 lines
06-06 11:39:23.400  1056  1169 E storaged: getDiskStats failed with result NOT_SUPPORTED and size 0
06-06 11:39:23.607  1211  3233 I chatty  : uid=1000 system_server expire 5 lines
06-06 11:39:23.608  1211  1393 I chatty  : uid=1000 system_server expire 6 lines
06-06 11:39:47.354  1211 14167 I chatty  : uid=1000 system_server expire 1 line
06-06 11:39:48.545 25359  2899 I chatty  : uid=1000(system) expire 21 lines
06-06 11:40:03.797  1211  3233 I chatty  : uid=1000 system_server expire 7 lines
06-06 11:40:03.798  1211  1393 I chatty  : uid=1000 system_server expire 1 line
06-06 11:40:23.402  1056  1169 E storaged: getDiskStats failed with result NOT_SUPPORTED and size 0
06-06 11:40:24.969 25359  2899 I chatty  : uid=1000(system) expire 12 lines
06-06 11:41:08.368  1211  1211 I chatty  : uid=1000 system_server expire 10 lines
06-06 11:41:08.826  1211  1393 I chatty  : uid=1000 system_server expire 2 lines
06-06 11:41:08.826  1211  3233 I chatty  : uid=1000 system_server expire 8 lines
06-06 11:41:23.968  1056  1169 E storaged: getDiskStats failed with result NOT_SUPPORTED and size 0
06-06 11:41:36.000  1211  1380 I chatty  : uid=1000(system) Binder:1314_2 expire 2 lines
06-06 11:41:37.459  1211 14167 I chatty  : uid=1000 system_server expire 3 lines
06-06 11:41:37.577  1211  3754 I chatty  : uid=1000 system_server expire 3 lines
06-06 11:41:38.082  1211  3763 I chatty  : uid=1000 system_server expire 2 lines
06-06 11:41:41.228 25359  2899 I chatty  : uid=1000(system) expire 26 lines
06-06 11:42:03.468  1211  3571 I chatty  : uid=1000 system_server expire 6 lines
06-06 11:42:23.968  1056  1169 E storaged: getDiskStats failed with result NOT_SUPPORTED and size 0
06-06 11:42:26.674 25359  2899 I chatty  : uid=1000(system) expire 11 lines
06-06 11:43:05.225  1211  3233 I chatty  : uid=1000 system_server expire 10 lines
06-06 11:43:05.225  1211  1393 I chatty  : uid=1000 system_server expire 9 lines
06-06 11:43:23.971  1056  1169 E storaged: getDiskStats failed with result NOT_SUPPORTED and size 0
06-06 11:43:33.406 25359  2899 I chatty  : uid=1000(system) expire 31 lines
06-06 11:43:36.722  1211  1211 I chatty  : uid=1000 system_server expire 24 lines
06-06 11:43:36.751  1211  1380 I chatty  : uid=1000(system) Binder:1314_2 expire 2 lines
06-06 11:43:45.422  1211  3233 I chatty  : uid=1000 system_server expire 10 lines
06-06 11:44:23.972  1056  1169 E storaged: getDiskStats failed with result NOT_SUPPORTED and size 0
06-06 11:44:24.875 25359  2899 I chatty  : uid=1000(system) expire 23 lines
06-06 11:45:16.911  1211  2818 I chatty  : uid=1000 system_server expire 6 lines
06-06 11:45:23.973  1056  1169 E storaged: getDiskStats failed with result NOT_SUPPORTED and size 0
06-06 11:45:36.694  1211  3233 I chatty  : uid=1000 system_server expire 10 lines
06-06 11:46:04.757 25359  2899 I chatty  : uid=1000(system) expire 22 lines
06-06 11:46:05.957  1211  1211 I chatty  : uid=1000 system_server expire 1 line
06-06 11:46:23.974  1056  1169 E storaged: getDiskStats failed with result NOT_SUPPORTED and size 0
06-06 11:47:18.095  1211  1380 I chatty  : uid=1000(system) Binder:1314_2 expire 2 lines
06-06 11:47:23.793 25359  2899 I chatty  : uid=1000(system) expire 20 lines
06-06 11:47:23.979  1056  1169 E storaged: getDiskStats failed with result NOT_SUPPORTED and size 0
06-06 11:47:39.846  1211  1377 I chatty  : uid=1000(system) /system/bin/netd expire 1 line
06-06 11:48:03.970  1211  3233 I chatty  : uid=1000 system_server expire 5 lines
06-06 11:48:03.971  1211  1393 I chatty  : uid=1000 system_server expire 1 line
06-06 11:48:15.113  1211  3569 I chatty  : uid=1000 system_server expire 2 lines
06-06 11:48:23.981  1056  1169 E storaged: getDiskStats failed with result NOT_SUPPORTED and size 0
06-06 11:48:24.352 25359  2899 I chatty  : uid=1000(system) expire 11 lines
06-06 11:48:27.707  2545  2545 I WallpaperServices: receive MSG_WINDOW_RESIZED
06-06 11:48:27.715  2545  2545 I WallpaperServices: updateSurface redrawNeeded: false creating: false relayoutResult: 1
06-06 11:48:27.715  2545  2545 I WallpaperServices: updateSurface redrawNeeded: false mUpdateSurfaceThenRedraw: false
06-06 11:48:27.740  1211  3551 I chatty  : uid=1000 system_server expire 3 lines
06-06 11:48:27.869  2545  2545 I WallpaperServices: receive MSG_WINDOW_RESIZED
06-06 11:48:27.877  2545  2545 I WallpaperServices: updateSurface redrawNeeded: false creating: false relayoutResult: 3
06-06 11:48:27.877  2545  2545 I WallpaperServices: updateSurface redrawNeeded: true mUpdateSurfaceThenRedraw: false
06-06 11:48:27.882  1211  2331 I chatty  : uid=1000(system) CallAudioModeSt expire 1 line
06-06 11:48:27.963  1211  1402 I chatty  : uid=1000(system) Binder:1313_1 expire 3 lines
06-06 11:48:27.975  1211  1378 I chatty  : uid=1000(system) /system/bin/netd expire 5 lines
06-06 11:48:27.984  1211 14167 I chatty  : uid=1000 system_server expire 1 line
06-06 11:48:28.044  2530  3712 E ActivityThread: Failed to find provider info for user_dictionary
06-06 11:48:28.209  2545  2545 I WallpaperServices: receive MSG_WINDOW_RESIZED
06-06 11:48:28.221  2545  2545 I WallpaperServices: updateSurface redrawNeeded: false creating: false relayoutResult: 1
06-06 11:48:28.221  2545  2545 I WallpaperServices: updateSurface redrawNeeded: false mUpdateSurfaceThenRedraw: false
06-06 11:48:28.231  2545  2545 I WallpaperServices: receive MSG_WINDOW_RESIZED
06-06 11:48:28.237  2545  2545 I WallpaperServices: updateSurface redrawNeeded: false creating: false relayoutResult: 1
06-06 11:48:28.237  2545  2545 I WallpaperServices: updateSurface redrawNeeded: false mUpdateSurfaceThenRedraw: false
06-06 11:48:28.241  2545  2545 I WallpaperServices: receive MSG_WINDOW_RESIZED
06-06 11:48:28.248  2545  2545 I WallpaperServices: updateSurface redrawNeeded: false creating: false relayoutResult: 1
06-06 11:48:28.248  2545  2545 I WallpaperServices: updateSurface redrawNeeded: false mUpdateSurfaceThenRedraw: false
06-06 11:48:28.424  2545  2545 I WallpaperServices: receive MSG_WINDOW_RESIZED
06-06 11:48:28.431  2545  2545 I WallpaperServices: updateSurface redrawNeeded: false creating: false relayoutResult: 1
06-06 11:48:28.431  2545  2545 I WallpaperServices: updateSurface redrawNeeded: false mUpdateSurfaceThenRedraw: false
06-06 11:48:28.437  2545  2545 I WallpaperServices: receive MSG_WINDOW_RESIZED
06-06 11:48:28.446  2545  2545 I WallpaperServices: updateSurface redrawNeeded: false creating: false relayoutResult: 1
06-06 11:48:28.446  2545  2545 I WallpaperServices: updateSurface redrawNeeded: false mUpdateSurfaceThenRedraw: false
06-06 11:48:28.568  1211  2287 I chatty  : uid=1000(system) Profile Saver expire 2 lines
06-06 11:48:28.954  1211 22210 I chatty  : uid=1000 system_server expire 9 lines
06-06 11:48:30.540  1211 14932 I chatty  : uid=1000 system_server expire 1 line
06-06 11:48:30.541  1211  3576 I chatty  : uid=1000(system) Binder:3547_2 expire 1 line
06-06 11:48:30.542  1211  2378 I chatty  : uid=1000 system_server expire 1 line
06-06 11:48:30.776  1211 17165 I chatty  : uid=1000 system_server expire 3 lines
06-06 11:48:34.613  1211  3573 I chatty  : uid=1000 system_server expire 2 lines
06-06 11:48:36.446  2530  3712 E ActivityThread: Failed to find provider info for user_dictionary
06-06 11:48:48.825  1211  1380 I chatty  : uid=1000(system) Binder:1314_2 expire 2 lines
06-06 11:48:54.729  2530  3712 E ActivityThread: Failed to find provider info for user_dictionary
06-06 11:48:57.724 25359  2899 I chatty  : uid=1000(system) expire 14 lines
06-06 11:48:59.455  1211  1211 I chatty  : uid=1000 system_server expire 2 lines
06-06 11:49:23.983  1056  1169 E storaged: getDiskStats failed with result NOT_SUPPORTED and size 0
06-06 11:49:26.098  1211  3573 I chatty  : uid=1000 system_server expire 3 lines
06-06 11:49:27.057  1211  3233 I chatty  : uid=1000 system_server expire 5 lines
06-06 11:49:27.058  1211  1393 I chatty  : uid=1000 system_server expire 2 lines
06-06 11:49:27.162  1211  1378 I chatty  : uid=1000(system) /system/bin/netd expire 2 lines
06-06 11:49:29.193 28880 28880 E SchedPolicy: set_timerslack_ns write failed: Operation not permitted
06-06 11:49:29.206  2530  3712 E ActivityThread: Failed to find provider info for user_dictionary
06-06 11:49:31.123  1211  1377 I chatty  : uid=1000(system) /system/bin/netd expire 1 line
06-06 11:49:49.029  1211 17165 I chatty  : uid=1000 system_server expire 1 line
06-06 11:49:49.081  1211  1380 I chatty  : uid=1000(system) Binder:1314_2 expire 2 lines
06-06 11:49:52.391 25359  2899 I chatty  : uid=1000(system) expire 15 lines
06-06 11:49:54.516  2530  3712 E ActivityThread: Failed to find provider info for user_dictionary
06-06 11:49:55.189  1211 22210 I chatty  : uid=1000 system_server expire 4 lines
06-06 11:50:04.892  1211 17165 I chatty  : uid=1000 system_server expire 4 lines
06-06 11:50:05.202  2530  3712 E ActivityThread: Failed to find provider info for user_dictionary
06-06 11:50:05.840  2530  3712 E ActivityThread: Failed to find provider info for user_dictionary
06-06 11:50:07.037  1211  1380 I chatty  : uid=1000(system) Binder:1314_2 expire 2 lines
06-06 11:50:07.883  2530  3712 E ActivityThread: Failed to find provider info for user_dictionary
06-06 11:50:08.828  2530  3712 E ActivityThread: Failed to find provider info for user_dictionary
06-06 11:50:23.990  1056  1169 E storaged: getDiskStats failed with result NOT_SUPPORTED and size 0
06-06 11:50:25.797 25359  2899 I chatty  : uid=1000(system) expire 12 lines
06-06 11:50:48.284  1211  3573 I chatty  : uid=1000 system_server expire 7 lines
06-06 11:50:48.880  1211  2378 I chatty  : uid=1000 system_server expire 1 line
06-06 11:50:48.898  1211  3576 I chatty  : uid=1000(system) Binder:3547_2 expire 1 line
06-06 11:50:48.899 28880 28880 E SchedPolicy: set_timerslack_ns write failed: Operation not permitted
06-06 11:50:48.933  2530  3712 E ActivityThread: Failed to find provider info for user_dictionary
06-06 11:51:09.828  1211 14167 I chatty  : uid=1000 system_server expire 9 lines
06-06 11:51:09.829  1211  1211 I chatty  : uid=1000 system_server expire 26 lines
06-06 11:51:09.943  1211  4799 I chatty  : uid=1000(system) Binder:2653_8 expire 3 lines
06-06 11:51:10.466  1211  4814 I chatty  : uid=1000 system_server expire 2 lines
06-06 11:51:12.197  1211  4823 I chatty  : uid=1000 system_server expire 3 lines
06-06 11:51:12.702  1211  4827 I chatty  : uid=1000(system) FlpThread expire 2 lines
06-06 11:51:14.220  1211 14932 I chatty  : uid=1000 system_server expire 7 lines
06-06 11:51:20.492 25359  2899 I chatty  : uid=1000(system) expire 10 lines
06-06 11:51:23.766 28880 28880 E SchedPolicy: set_timerslack_ns write failed: Operation not permitted
06-06 11:51:23.779  1211  1211 I chatty  : uid=1000 system_server expire 18 lines
06-06 11:51:23.852  1211  1378 I chatty  : uid=1000(system) /system/bin/netd expire 14 lines
06-06 11:51:23.991  1056  1169 E storaged: getDiskStats failed with result NOT_SUPPORTED and size 0
06-06 11:51:24.147  1211  1380 I chatty  : uid=1000(system) Binder:1314_2 expire 10 lines
06-06 11:51:24.258  1211  7717 I chatty  : uid=1000(system) pool-14-thread- expire 13 lines
06-06 11:51:24.314  1211  1402 I chatty  : uid=1000(system) Binder:1313_1 expire 5 lines
06-06 11:51:25.016  1211  2287 I chatty  : uid=1000(system) Profile Saver expire 6 lines
06-06 11:51:25.061  2530  3712 E ActivityThread: Failed to find provider info for user_dictionary
06-06 11:51:26.698  1211 14167 I chatty  : uid=1000 system_server expire 1 line
06-06 11:51:44.434  1211  3233 I chatty  : uid=1000 system_server expire 10 lines
06-06 11:51:44.435  1211  1393 I chatty  : uid=1000 system_server expire 2 lines
06-06 11:51:48.065  2530  3712 E ActivityThread: Failed to find provider info for user_dictionary
06-06 11:51:50.023  1211 14932 I chatty  : uid=1000 system_server expire 4 lines
06-06 11:51:50.693  1211  1211 I chatty  : uid=1000 system_server expire 12 lines
06-06 11:51:50.832 25359  2899 I chatty  : uid=1000(system) expire 20 lines
06-06 11:51:51.067  1211 14167 I chatty  : uid=1000 system_server expire 9 lines
06-06 11:51:51.392  1211  3551 I chatty  : uid=1000 system_server expire 10 lines
06-06 11:51:51.721  2530  3712 E ActivityThread: Failed to find provider info for user_dictionary
06-06 11:51:55.232  5248  5256 F libc    : Fatal signal 11 (SIGSEGV), code 1 (SEGV_MAPERR), fault addr 0x130 in tid 5256 (Binder:5248_1), pid 5248 (cmd)
06-06 11:51:55.358  2530  3712 E ActivityThread: Failed to find provider info for user_dictionary
06-06 11:51:56.857  1211 22210 I chatty  : uid=1000 system_server expire 2 lines
06-06 11:51:56.929  2530  3712 E ActivityThread: Failed to find provider info for user_dictionary
06-06 11:51:57.475  2530  3712 E ActivityThread: Failed to find provider info for user_dictionary
06-06 11:52:11.203  1211 17165 I chatty  : uid=1000 system_server expire 10 lines
06-06 11:52:21.801  1211  1211 I chatty  : uid=1000 system_server expire 4 lines
06-06 11:52:23.993  1056  1169 E storaged: getDiskStats failed with result NOT_SUPPORTED and size 0
06-06 11:52:24.222 25359  2899 I chatty  : uid=1000(system) expire 10 lines
06-06 11:53:07.566  1211  2331 I chatty  : uid=1000(system) CallAudioModeSt expire 1 line
06-06 11:53:07.697  2530  3712 E ActivityThread: Failed to find provider info for user_dictionary
06-06 11:53:09.227  2530  3712 E ActivityThread: Failed to find provider info for user_dictionary
06-06 11:53:09.478  1211  3573 I chatty  : uid=1000 system_server expire 13 lines
06-06 11:53:09.820  2530  3712 E ActivityThread: Failed to find provider info for user_dictionary
06-06 11:53:11.970  1211  7717 I chatty  : uid=1000(system) pool-14-thread- expire 16 lines
06-06 11:53:11.995  1211  1380 I chatty  : uid=1000(system) Binder:1314_2 expire 2 lines
06-06 11:53:12.828  1211 14167 I chatty  : uid=1000 system_server expire 18 lines
