06-06 11:53:12.932  1211  3551 I chatty  : uid=1000 system_server expire 10 lines
06-06 11:53:15.867  2530  3712 E ActivityThread: Failed to find provider info for user_dictionary
06-06 11:53:21.880 25359  2899 I chatty  : uid=1000(system) expire 22 lines
06-06 11:53:23.994  1056  1169 E storaged: getDiskStats failed with result NOT_SUPPORTED and size 0
06-06 11:53:35.380  1211 17165 I chatty  : uid=1000 system_server expire 1 line
06-06 11:53:55.323  1211  3576 I chatty  : uid=1000(system) Binder:3547_2 expire 6 lines
06-06 11:54:23.996  1056  1169 E storaged: getDiskStats failed with result NOT_SUPPORTED and size 0
06-06 11:54:25.678 25359  2899 I chatty  : uid=1000(system) expire 8 lines
06-06 11:54:34.928  1211 17165 I chatty  : uid=1000 system_server expire 7 lines
06-06 11:54:35.330  2530  3712 E ActivityThread: Failed to find provider info for user_dictionary
06-06 11:54:35.340  1211  2378 I chatty  : uid=1000 system_server expire 1 line
06-06 11:54:35.380  1211  1378 I chatty  : uid=1000(system) /system/bin/netd expire 17 lines
06-06 11:54:35.651  2530  3712 E ActivityThread: Failed to find provider info for user_dictionary
06-06 11:54:36.049  1211  1402 I chatty  : uid=1000(system) Binder:1313_1 expire 10 lines
06-06 11:54:36.811  1211  3551 I chatty  : uid=1000 system_server expire 2 lines
06-06 11:54:36.995  1211 14167 I chatty  : uid=1000 system_server expire 7 lines
06-06 11:54:37.052  1211 22210 I chatty  : uid=1000 system_server expire 6 lines
06-06 11:54:37.797  1211  7717 I chatty  : uid=1000(system) pool-14-thread- expire 6 lines
06-06 11:54:37.797  2530  3712 E ActivityThread: Failed to find provider info for user_dictionary
06-06 11:54:40.854  1211  3573 I chatty  : uid=1000 system_server expire 6 lines
06-06 11:54:47.111  1211  1211 I chatty  : uid=1000 system_server expire 21 lines
06-06 11:54:47.427  1211  2332 I chatty  : uid=1000(system) Recents-HighRes expire 5 lines
06-06 11:54:47.478  2530  3712 E ActivityThread: Failed to find provider info for user_dictionary
06-06 11:54:47.537  1211  2507 I chatty  : uid=1000 system_server expire 8 lines
06-06 11:54:47.558  1211  1406 I chatty  : uid=1000(system) HwBinder:1312_2 expire 12 lines
06-06 11:54:47.566  1211  3233 I chatty  : uid=1000 system_server expire 27 lines
06-06 11:54:47.627  1211  1393 I chatty  : uid=1000 system_server expire 13 lines
06-06 11:54:47.899  1211  1400 I chatty  : uid=1000 system_server expire 10 lines
06-06 11:54:47.919  2545  2545 V DreamService[DozeService]: onCreate()
06-06 11:54:47.926  2545  2545 V DreamService[DozeService]: onBind() intent = Intent { act=android.service.dreams.DreamService flg=0x800000 cmp=com.android.systemui/.doze.DozeService }
06-06 11:54:47.931  2545  2545 V DreamService[DozeService]: Calling onDreamingStarted()
06-06 11:54:47.931  2545  2545 V DreamService[DozeService]: onDreamingStarted()
06-06 11:54:48.229  2545  2545 V KeyguardStatusView: refresh statusview showing:true
06-06 11:54:48.242  2545  2545 V KeyguardDisplayManager: show
06-06 11:54:56.510  2545  2545 W FingerprintManager: Invalid acquired message: 6, 102
06-06 11:54:56.826  1211  5938 I chatty  : uid=1000 system_server expire 2 lines
06-06 11:54:56.883  1211  3569 I chatty  : uid=1000 system_server expire 2 lines
06-06 11:54:57.013  1211 14932 I chatty  : uid=1000 system_server expire 1 line
06-06 11:54:57.120  2545  2545 V DreamService[DozeService]: wakeUp(): fromSystem=true, mWaking=false, mFinished=false
06-06 11:54:57.121  2545  2545 V DreamService[DozeService]: finish(): mFinished=false
06-06 11:54:57.121  1211  3576 I chatty  : uid=1000(system) Binder:3547_2 expire 1 line
06-06 11:54:57.150  2545  2545 V DreamService[DozeService]: detach(): Calling onDreamingStopped()
06-06 11:54:57.150  2545  2545 V DreamService[DozeService]: onDreamingStopped()
06-06 11:54:57.155  2545  2545 V DreamService[DozeService]: finish(): mFinished=true
06-06 11:54:57.155  2545  2545 V DreamService[DozeService]: onDestroy()
06-06 11:54:57.616  1211  1379 I chatty  : uid=1000(system) Binder:1314_1 expire 1 line
06-06 11:54:59.468  1211  2329 I chatty  : uid=1000(system) Binder:1313_2 expire 2 lines
06-06 11:55:00.123  2545  2545 W FingerprintManager: Invalid acquired message: 6, 102
06-06 11:55:00.237  1211  1211 I chatty  : uid=1000 system_server expire 13 lines
06-06 11:55:00.241  1211  5963 I chatty  : uid=1000(system) Binder:5952_1 expire 1 line
06-06 11:55:00.396  2545  2545 V KeyguardDisplayManager: hide
06-06 11:55:00.560  2530  3712 E ActivityThread: Failed to find provider info for user_dictionary
06-06 11:55:02.927  1211  9742 I chatty  : uid=1000 system_server expire 5 lines
06-06 11:55:02.982 25359  5957 I chatty  : uid=1000(system) expire 2 lines
06-06 11:55:04.047  2530  3712 E ActivityThread: Failed to find provider info for user_dictionary
06-06 11:55:04.097  1211  1406 I chatty  : uid=1000(system) HwBinder:1312_2 expire 9 lines
06-06 11:55:04.111  1211  3233 I chatty  : uid=1000 system_server expire 21 lines
06-06 11:55:04.158  1211  1393 I chatty  : uid=1000 system_server expire 11 lines
06-06 11:55:04.438  2545  2545 V DreamService[DozeService]: onCreate()
06-06 11:55:04.449  2545  2545 V DreamService[DozeService]: onBind() intent = Intent { act=android.service.dreams.DreamService flg=0x800000 cmp=com.android.systemui/.doze.DozeService }
06-06 11:55:04.452  2545  2545 V DreamService[DozeService]: Calling onDreamingStarted()
06-06 11:55:04.452  2545  2545 V DreamService[DozeService]: onDreamingStarted()
06-06 11:55:04.705  1211  1378 I chatty  : uid=1000(system) /system/bin/netd expire 10 lines
06-06 11:55:04.706  1211  1400 I chatty  : uid=1000 system_server expire 7 lines
06-06 11:55:04.725  1211  1402 I chatty  : uid=1000(system) Binder:1313_1 expire 3 lines
06-06 11:55:04.783  2545  2545 V KeyguardStatusView: refresh statusview showing:true
06-06 11:55:04.791  2545  2545 V KeyguardDisplayManager: show
06-06 11:55:27.975  1211 14167 I chatty  : uid=1000 system_server expire 3 lines
06-06 11:55:28.029  1211 11870 I chatty  : uid=1000 system_server expire 1 line
06-06 11:55:28.029  1211  3576 I chatty  : uid=1000(system) Binder:3547_2 expire 1 line
06-06 11:55:28.030  1211  2378 I chatty  : uid=1000 system_server expire 3 lines
06-06 11:55:52.248  1211  2396 I chatty  : uid=1000 system_server expire 4 lines
06-06 11:56:16.607  1211  2835 I chatty  : uid=1000 system_server expire 1 line
06-06 11:56:16.612  1211  1295 I chatty  : uid=1000 system_server expire 1 line
06-06 11:56:16.613  1211  2528 I chatty  : uid=1000 system_server expire 1 line
06-06 11:56:16.615  1211  3264 I chatty  : uid=1000 system_server expire 4 lines
06-06 11:57:10.900  1056  1169 E storaged: getDiskStats failed with result NOT_SUPPORTED and size 0
06-06 11:57:20.140  1211  3233 I chatty  : uid=1000 system_server expire 3 lines
06-06 11:58:31.308  1211  1377 I chatty  : uid=1000(system) /system/bin/netd expire 1 line
06-06 11:58:31.502  1211  1211 I chatty  : uid=1000 system_server expire 11 lines
06-06 11:58:31.503  1211  2430 I chatty  : uid=1000 system_server expire 4 lines
06-06 11:58:49.225  1211  3575 I chatty  : uid=1000 system_server expire 5 lines
06-06 11:58:49.237  1211  2329 I chatty  : uid=1000(system) Binder:1313_2 expire 14 lines
06-06 11:58:49.325  1211  1393 I chatty  : uid=1000 system_server expire 8 lines
06-06 11:58:49.334  1211  2507 I chatty  : uid=1000 system_server expire 2 lines
06-06 11:58:49.403  2545  2545 W FingerprintManager: Invalid acquired message: 6, 102
06-06 11:58:49.582  2545  2545 V DreamService[DozeService]: wakeUp(): fromSystem=true, mWaking=false, mFinished=false
06-06 11:58:49.582  2545  2545 V DreamService[DozeService]: finish(): mFinished=false
06-06 11:58:49.642  2545  2545 V KeyguardDisplayManager: hide
06-06 11:58:49.720  2545  2545 V DreamService[DozeService]: detach(): Calling onDreamingStopped()
06-06 11:58:49.720  2545  2545 V DreamService[DozeService]: onDreamingStopped()
06-06 11:58:49.735  2545  2545 V DreamService[DozeService]: finish(): mFinished=true
06-06 11:58:49.735  2545  2545 V DreamService[DozeService]: onDestroy()
06-06 11:58:49.923  1211  1296 I chatty  : uid=1000 system_server expire 1 line
06-06 11:58:49.937  2530  3712 E ActivityThread: Failed to find provider info for user_dictionary
06-06 11:58:51.486  1211  3577 I chatty  : uid=1000(system) com.android.smspush expire 3 lines
06-06 11:58:52.944 25359  6075 I chatty  : uid=1000(system) expire 21 lines
06-06 11:59:19.764  1211  1295 I chatty  : uid=1000 system_server expire 2 lines
06-06 11:59:21.290  1211  9742 I chatty  : uid=1000 system_server expire 6 lines
06-06 11:59:23.632  1211  2528 I chatty  : uid=1000 system_server expire 3 lines
06-06 11:59:25.024  1211  3463 I chatty  : uid=1000 system_server expire 1 line
06-06 11:59:25.024  1211  2378 I chatty  : uid=1000 system_server expire 1 line
06-06 11:59:25.105  1211 22210 I chatty  : uid=1000 system_server expire 3 lines
06-06 11:59:27.970  1211  7072 I chatty  : uid=1000(system) Binder:7059_2 expire 12 lines
06-06 11:59:31.167  1211  3561 I chatty  : uid=1000(system) Signal Catcher expire 8 lines
06-06 11:59:32.694  1056  1169 E storaged: getDiskStats failed with result NOT_SUPPORTED and size 0
06-06 11:59:34.977  1211  1211 I chatty  : uid=1000 system_server expire 7 lines
06-06 11:59:35.471 25359  6075 I chatty  : uid=1000(system) expire 10 lines
06-06 11:59:57.920  1211  2329 I chatty  : uid=1000(system) Binder:1313_2 expire 10 lines
06-06 12:00:03.975  2530  3712 E ActivityThread: Failed to find provider info for user_dictionary
06-06 12:00:04.727  1211  2835 I chatty  : uid=1000 system_server expire 6 lines
06-06 12:00:05.271  1211  2818 I chatty  : uid=1000 system_server expire 11 lines
06-06 12:00:07.725  2530  3712 E ActivityThread: Failed to find provider info for user_dictionary
06-06 12:00:30.219 25359  6075 I chatty  : uid=1000(system) expire 21 lines
06-06 12:00:32.695  1056  1169 E storaged: getDiskStats failed with result NOT_SUPPORTED and size 0
06-06 12:01:22.160  1211 11870 I chatty  : uid=1000 system_server expire 12 lines
06-06 12:01:26.172  1211  3569 I chatty  : uid=1000 system_server expire 11 lines
06-06 12:01:26.256  1211  3576 I chatty  : uid=1000(system) Binder:3547_2 expire 2 lines
06-06 12:01:32.697  1056  1169 E storaged: getDiskStats failed with result NOT_SUPPORTED and size 0
06-06 12:01:33.890 25359  6075 I chatty  : uid=1000(system) expire 20 lines
06-06 12:01:37.188  1211  1211 I chatty  : uid=1000 system_server expire 9 lines
06-06 12:01:54.155  1211  2329 I chatty  : uid=1000(system) Binder:1313_2 expire 5 lines
06-06 12:01:54.156  1211  1393 I chatty  : uid=1000 system_server expire 1 line
06-06 12:02:32.698  1056  1169 E storaged: getDiskStats failed with result NOT_SUPPORTED and size 0
06-06 12:02:34.603 25359  6075 I chatty  : uid=1000(system) expire 24 lines
06-06 12:02:58.781  1211  2329 I chatty  : uid=1000(system) Binder:1313_2 expire 7 lines
06-06 12:02:58.781  1211  1393 I chatty  : uid=1000 system_server expire 2 lines
06-06 12:03:32.699  1056  1169 E storaged: getDiskStats failed with result NOT_SUPPORTED and size 0
06-06 12:03:35.434 25359  6075 I chatty  : uid=1000(system) expire 26 lines
06-06 12:03:52.621  1211  9440 I chatty  : uid=1000 system_server expire 2 lines
06-06 12:04:32.701  1056  1169 E storaged: getDiskStats failed with result NOT_SUPPORTED and size 0
06-06 12:04:33.100 25359  6075 I chatty  : uid=1000(system) expire 12 lines
06-06 12:05:10.932  1211  2329 I chatty  : uid=1000(system) Binder:1313_2 expire 3 lines
06-06 12:05:10.933  1211  1393 I chatty  : uid=1000 system_server expire 2 lines
06-06 12:05:32.706  1056  1169 E storaged: getDiskStats failed with result NOT_SUPPORTED and size 0
06-06 12:05:33.852 25359  6075 I chatty  : uid=1000(system) expire 27 lines
06-06 12:05:44.435  1211  1211 I chatty  : uid=1000 system_server expire 3 lines
06-06 12:05:53.059  1211 11870 I chatty  : uid=1000 system_server expire 3 lines
06-06 12:05:54.019  1211  2507 I chatty  : uid=1000 system_server expire 1 line
06-06 12:05:54.036  1211  8101 I chatty  : uid=1000 system_server expire 1 line
06-06 12:05:54.772  2530  3712 E ActivityThread: Failed to find provider info for user_dictionary
06-06 12:06:09.805  1211  2329 I chatty  : uid=1000(system) Binder:1313_2 expire 7 lines
06-06 12:06:09.805  1211  1393 I chatty  : uid=1000 system_server expire 1 line
06-06 12:06:32.710  1056  1169 E storaged: getDiskStats failed with result NOT_SUPPORTED and size 0
06-06 12:06:34.552 25359  6075 I chatty  : uid=1000(system) expire 23 lines
06-06 12:07:09.159  1211  2818 I chatty  : uid=1000 system_server expire 3 lines
06-06 12:07:20.036  1211  2329 I chatty  : uid=1000(system) Binder:1313_2 expire 13 lines
06-06 12:07:20.036  1211  1393 I chatty  : uid=1000 system_server expire 1 line
06-06 12:07:32.711  1056  1169 E storaged: getDiskStats failed with result NOT_SUPPORTED and size 0
06-06 12:07:33.682  1211  1377 I chatty  : uid=1000(system) /system/bin/netd expire 2 lines
06-06 12:07:35.250 25359  6075 I chatty  : uid=1000(system) expire 27 lines
06-06 12:07:40.127  1211  1393 I chatty  : uid=1000 system_server expire 4 lines
06-06 12:08:24.606  1211  7118 I chatty  : uid=1000 system_server expire 10 lines
06-06 12:08:32.712  1056  1169 E storaged: getDiskStats failed with result NOT_SUPPORTED and size 0
06-06 12:09:31.351  1211  3577 I chatty  : uid=1000(system) com.android.smspush expire 10 lines
06-06 12:09:32.714  1056  1169 E storaged: getDiskStats failed with result NOT_SUPPORTED and size 0
06-06 12:09:33.664 25359  6075 I chatty  : uid=1000(system) expire 19 lines
06-06 12:10:27.638  1211  3312 I chatty  : uid=1000 system_server expire 3 lines
06-06 12:10:32.715  1056  1169 E storaged: getDiskStats failed with result NOT_SUPPORTED and size 0
06-06 12:10:34.446 25359  6075 I chatty  : uid=1000(system) expire 19 lines
06-06 12:10:49.649  1211  1378 I chatty  : uid=1000(system) /system/bin/netd expire 1 line
06-06 12:10:59.555  1211  2528 I chatty  : uid=1000 system_server expire 5 lines
06-06 12:11:27.096  1211  3571 I chatty  : uid=1000 system_server expire 9 lines
06-06 12:11:32.716  1056  1169 E storaged: getDiskStats failed with result NOT_SUPPORTED and size 0
06-06 12:11:35.045 25359  6075 I chatty  : uid=1000(system) expire 19 lines
06-06 12:11:36.247  1211  1211 I chatty  : uid=1000 system_server expire 4 lines
06-06 12:11:44.881  1211  3577 I chatty  : uid=1000(system) com.android.smspush expire 4 lines
06-06 12:11:48.743  1211  7118 I chatty  : uid=1000 system_server expire 6 lines
06-06 12:12:01.377  1211  2329 I chatty  : uid=1000(system) Binder:1313_2 expire 10 lines
06-06 12:12:32.719  1056  1169 E storaged: getDiskStats failed with result NOT_SUPPORTED and size 0
06-06 12:12:32.731 25359  6075 I chatty  : uid=1000(system) expire 20 lines
06-06 12:13:32.721  1056  1169 E storaged: getDiskStats failed with result NOT_SUPPORTED and size 0
06-06 12:13:33.506 25359  6075 I chatty  : uid=1000(system) expire 21 lines
06-06 12:14:03.169  1211  1211 I chatty  : uid=1000 system_server expire 23 lines
06-06 12:14:03.253  1211  2528 I chatty  : uid=1000 system_server expire 4 lines
06-06 12:14:03.407  1211  7371 I chatty  : uid=1000 system_server expire 3 lines
06-06 12:14:03.913  1211  7379 I chatty  : uid=1000 system_server expire 2 lines
06-06 12:14:32.728  1056  1169 E storaged: getDiskStats failed with result NOT_SUPPORTED and size 0
06-06 12:14:34.221 25359  6075 I chatty  : uid=1000(system) expire 22 lines
06-06 12:14:42.146  1211  2329 I chatty  : uid=1000(system) Binder:1313_2 expire 10 lines
06-06 12:14:42.147  1211  1393 I chatty  : uid=1000 system_server expire 2 lines
06-06 12:14:42.981  1211  3571 I chatty  : uid=1000 system_server expire 4 lines
06-06 12:14:43.496  1211  3577 I chatty  : uid=1000(system) com.android.smspush expire 1 line
06-06 12:14:43.498  1211  2378 I chatty  : uid=1000 system_server expire 1 line
06-06 12:14:43.498  1211  7072 I chatty  : uid=1000(system) Binder:7059_2 expire 1 line
06-06 12:14:43.499  1211  2528 I chatty  : uid=1000 system_server expire 1 line
06-06 12:14:43.499  1211  7118 I chatty  : uid=1000 system_server expire 2 lines
06-06 12:14:43.562  1211  1402 I chatty  : uid=1000(system) Binder:1313_1 expire 1 line
06-06 12:15:32.730  1056  1169 E storaged: getDiskStats failed with result NOT_SUPPORTED and size 0
06-06 12:15:34.972 25359  6075 I chatty  : uid=1000(system) expire 17 lines
06-06 12:15:48.089  1211  7118 I chatty  : uid=1000 system_server expire 3 lines
06-06 12:15:54.350  1211  3577 I chatty  : uid=1000(system) com.android.smspush expire 3 lines
06-06 12:15:55.082  1211  9742 I chatty  : uid=1000 system_server expire 3 lines
06-06 12:15:57.551  1211  7072 I chatty  : uid=1000(system) Binder:7059_2 expire 2 lines
06-06 12:16:00.349  1211  1211 I chatty  : uid=1000 system_server expire 4 lines
06-06 12:16:00.378  1211  8101 I chatty  : uid=1000 system_server expire 4 lines
06-06 12:16:32.733  1056  1169 E storaged: getDiskStats failed with result NOT_SUPPORTED and size 0
06-06 12:16:34.484  1211  2329 I chatty  : uid=1000(system) Binder:1313_2 expire 5 lines
06-06 12:16:34.486  1211  1393 I chatty  : uid=1000 system_server expire 1 line
06-06 12:16:35.703 25359  6075 I chatty  : uid=1000(system) expire 19 lines
06-06 12:17:24.315  1211  1380 I chatty  : uid=1000(system) Binder:1314_2 expire 2 lines
06-06 12:17:26.482  1211  7072 I chatty  : uid=1000(system) Binder:7059_2 expire 1 line
06-06 12:17:26.566  1211  2835 I chatty  : uid=1000 system_server expire 2 lines
06-06 12:17:30.006  1211  1378 I chatty  : uid=1000(system) /system/bin/netd expire 3 lines
06-06 12:17:32.735  1056  1169 E storaged: getDiskStats failed with result NOT_SUPPORTED and size 0
06-06 12:17:33.306 25359  6075 I chatty  : uid=1000(system) expire 22 lines
06-06 12:17:42.361  1211  2539 I chatty  : uid=1000 system_server expire 1 line
06-06 12:18:32.739  1056  1169 E storaged: getDiskStats failed with result NOT_SUPPORTED and size 0
06-06 12:18:34.084 25359  6075 I chatty  : uid=1000(system) expire 20 lines
06-06 12:18:43.300  1211  2329 I chatty  : uid=1000(system) Binder:1313_2 expire 5 lines
06-06 12:18:43.303  1211  1393 I chatty  : uid=1000 system_server expire 1 line
06-06 12:19:32.741  1056  1169 E storaged: getDiskStats failed with result NOT_SUPPORTED and size 0
06-06 12:19:34.914 25359  6075 I chatty  : uid=1000(system) expire 27 lines
06-06 12:19:50.107  1211 17165 I chatty  : uid=1000 system_server expire 3 lines
06-06 12:19:58.187  1211  2539 I chatty  : uid=1000 system_server expire 4 lines
06-06 12:20:22.457  1211  2329 I chatty  : uid=1000(system) Binder:1313_2 expire 5 lines
06-06 12:20:22.458  1211  1393 I chatty  : uid=1000 system_server expire 1 line
06-06 12:20:32.744  1056  1169 E storaged: getDiskStats failed with result NOT_SUPPORTED and size 0
06-06 12:20:35.575 25359  6075 I chatty  : uid=1000(system) expire 9 lines
06-06 12:21:14.234  1211  7072 I chatty  : uid=1000(system) Binder:7059_2 expire 3 lines
06-06 12:21:15.829  1211  2835 I chatty  : uid=1000 system_server expire 8 lines
06-06 12:21:20.094  1211  1295 I chatty  : uid=1000 system_server expire 5 lines
06-06 12:21:28.264  1211  2332 I chatty  : uid=1000(system) Recents-HighRes expire 2 lines
06-06 12:21:28.267  1211  1211 I chatty  : uid=1000 system_server expire 13 lines
06-06 12:21:28.319  2530  3712 E ActivityThread: Failed to find provider info for user_dictionary
06-06 12:21:28.355  1211  2507 I chatty  : uid=1000 system_server expire 4 lines
06-06 12:21:28.361  1211  1406 I chatty  : uid=1000(system) HwBinder:1312_2 expire 9 lines
06-06 12:21:28.369  1211  2329 I chatty  : uid=1000(system) Binder:1313_2 expire 18 lines
06-06 12:21:28.413  1211  1393 I chatty  : uid=1000 system_server expire 7 lines
06-06 12:21:28.448  1211  1402 I chatty  : uid=1000(system) Binder:1313_1 expire 4 lines
06-06 12:21:28.689  1211  1400 I chatty  : uid=1000 system_server expire 8 lines
06-06 12:21:28.707  2545  2545 V DreamService[DozeService]: onCreate()
06-06 12:21:28.718  2545  2545 V DreamService[DozeService]: onBind() intent = Intent { act=android.service.dreams.DreamService flg=0x800000 cmp=com.android.systemui/.doze.DozeService }
06-06 12:21:28.721  2545  2545 V DreamService[DozeService]: Calling onDreamingStarted()
06-06 12:21:28.721  2545  2545 V DreamService[DozeService]: onDreamingStarted()
06-06 12:21:28.918  1211  2528 I chatty  : uid=1000 system_server expire 3 lines
06-06 12:21:28.939  1211  1378 I chatty  : uid=1000(system) /system/bin/netd expire 9 lines
06-06 12:21:29.029  2545  2545 V KeyguardStatusView: refresh statusview showing:true
06-06 12:21:29.039  2545  2545 V KeyguardDisplayManager: show
06-06 12:21:35.291  1211 17165 I chatty  : uid=1000 system_server expire 4 lines
06-06 12:21:35.577  2545  2545 V DreamService[DozeService]: wakeUp(): fromSystem=true, mWaking=false, mFinished=false
06-06 12:21:35.577  2545  2545 V DreamService[DozeService]: finish(): mFinished=false
06-06 12:21:35.643  2545  2545 V KeyguardDisplayManager: hide
06-06 12:21:35.694  2545  2545 V DreamService[DozeService]: detach(): Calling onDreamingStopped()
06-06 12:21:35.694  2545  2545 V DreamService[DozeService]: onDreamingStopped()
06-06 12:21:35.700  2545  2545 V DreamService[DozeService]: finish(): mFinished=true
06-06 12:21:35.700  2545  2545 V DreamService[DozeService]: onDestroy()
06-06 12:21:35.761  1211  3463 I chatty  : uid=1000 system_server expire 4 lines
06-06 12:21:35.771  1056  1169 E storaged: getDiskStats failed with result NOT_SUPPORTED and size 0
06-06 12:21:35.889  2530  3712 E ActivityThread: Failed to find provider info for user_dictionary
06-06 12:21:35.894  1211  2539 I chatty  : uid=1000 system_server expire 1 line
06-06 12:21:36.496  1211  1380 I chatty  : uid=1000(system) Binder:1314_2 expire 2 lines
06-06 12:21:39.009 25359  7988 I chatty  : uid=1000(system) expire 19 lines
06-06 12:21:47.178  1211  2329 I chatty  : uid=1000(system) Binder:1313_2 expire 5 lines
06-06 12:22:35.781  1056  1169 E storaged: getDiskStats failed with result NOT_SUPPORTED and size 0
06-06 12:22:36.741 25359  7988 I chatty  : uid=1000(system) expire 11 lines
06-06 12:22:47.554  1211  3577 I chatty  : uid=1000(system) com.android.smspush expire 3 lines
06-06 12:22:52.887  1211  2835 I chatty  : uid=1000 system_server expire 1 line
06-06 12:22:53.824  2530  3712 E ActivityThread: Failed to find provider info for user_dictionary
06-06 12:22:54.547  2530  3712 E ActivityThread: Failed to find provider info for user_dictionary
06-06 12:23:07.574  1211  2329 I chatty  : uid=1000(system) Binder:1313_2 expire 12 lines
06-06 12:23:07.575  1211  1393 I chatty  : uid=1000 system_server expire 1 line
06-06 12:23:10.110 25359  7988 I chatty  : uid=1000(system) expire 18 lines
06-06 12:23:35.786  1056  1169 E storaged: getDiskStats failed with result NOT_SUPPORTED and size 0
06-06 12:23:37.370 25359  7988 I chatty  : uid=1000(system) expire 20 lines
06-06 12:24:08.882  1211  1393 I chatty  : uid=1000 system_server expire 2 lines
06-06 12:24:35.788  1056  1169 E storaged: getDiskStats failed with result NOT_SUPPORTED and size 0
06-06 12:24:38.135 25359  7988 I chatty  : uid=1000(system) expire 26 lines
06-06 12:25:11.023  1211  2329 I chatty  : uid=1000(system) Binder:1313_2 expire 8 lines
06-06 12:25:35.789  1056  1169 E storaged: getDiskStats failed with result NOT_SUPPORTED and size 0
06-06 12:25:35.888 25359  7988 I chatty  : uid=1000(system) expire 10 lines
06-06 12:26:28.606  1211  1393 I chatty  : uid=1000 system_server expire 1 line
06-06 12:26:35.791  1056  1169 E storaged: getDiskStats failed with result NOT_SUPPORTED and size 0
06-06 12:26:50.843  1211  3463 I chatty  : uid=1000 system_server expire 6 lines
06-06 12:26:51.840  1211  1402 I chatty  : uid=1000(system) Binder:1313_1 expire 3 lines
06-06 12:26:53.134  1211  1211 I chatty  : uid=1000 system_server expire 2 lines
06-06 12:26:54.860 25359  7988 I chatty  : uid=1000(system) expire 23 lines
06-06 12:26:55.352  1211  2539 I chatty  : uid=1000 system_server expire 81 lines
06-06 12:26:55.793  2530  3712 E ActivityThread: Failed to find provider info for user_dictionary
06-06 12:26:55.795  1211  1378 I chatty  : uid=1000(system) /system/bin/netd expire 5 lines
06-06 12:26:57.929  1211  7072 I chatty  : uid=1000(system) Binder:7059_2 expire 1 line
06-06 12:26:58.063  2530  3712 E ActivityThread: Failed to find provider info for user_dictionary
06-06 12:26:58.197  1211  1402 I chatty  : uid=1000(system) Binder:1313_1 expire 1 line
06-06 12:26:59.108  2530  3712 E ActivityThread: Failed to find provider info for user_dictionary
06-06 12:27:00.167  1211  3463 I chatty  : uid=1000 system_server expire 24 lines
06-06 12:27:01.199  1211  1380 I chatty  : uid=1000(system) Binder:1314_2 expire 4 lines
06-06 12:27:02.632  1211 17165 I chatty  : uid=1000 system_server expire 21 lines
06-06 12:27:05.589  2530  3712 E ActivityThread: Failed to find provider info for user_dictionary
06-06 12:27:08.843  1211  2329 I chatty  : uid=1000(system) Binder:1313_2 expire 10 lines
06-06 12:27:08.843  1211  1393 I chatty  : uid=1000 system_server expire 2 lines
06-06 12:27:10.389  2530  3712 E ActivityThread: Failed to find provider info for user_dictionary
06-06 12:27:11.362  1211  2835 I chatty  : uid=1000 system_server expire 21 lines
06-06 12:27:13.563  1211  2539 I chatty  : uid=1000 system_server expire 26 lines
06-06 12:27:15.319  2530  3712 E ActivityThread: Failed to find provider info for user_dictionary
06-06 12:27:34.360 25359  7988 I chatty  : uid=1000(system) expire 11 lines
06-06 12:27:35.794  1056  1169 E storaged: getDiskStats failed with result NOT_SUPPORTED and size 0
06-06 12:28:11.250  1211  2539 I chatty  : uid=1000 system_server expire 3 lines
06-06 12:28:11.251  1211  1211 I chatty  : uid=1000 system_server expire 5 lines
06-06 12:28:11.345  1211 17165 I chatty  : uid=1000 system_server expire 1 line
06-06 12:28:29.800  1211  2329 I chatty  : uid=1000(system) Binder:1313_2 expire 5 lines
06-06 12:28:29.802  1211  1393 I chatty  : uid=1000 system_server expire 1 line
06-06 12:28:35.797  1056  1169 E storaged: getDiskStats failed with result NOT_SUPPORTED and size 0
06-06 12:28:38.181 25359  7988 I chatty  : uid=1000(system) expire 28 lines
06-06 12:29:35.799  1056  1169 E storaged: getDiskStats failed with result NOT_SUPPORTED and size 0
06-06 12:29:35.857 25359  7988 I chatty  : uid=1000(system) expire 26 lines
06-06 12:30:17.373  1211  3577 I chatty  : uid=1000(system) com.android.smspush expire 13 lines
06-06 12:30:23.909  1211  2331 I chatty  : uid=1000(system) CallAudioModeSt expire 1 line
06-06 12:30:23.959  1211  2378 I chatty  : uid=1000 system_server expire 2 lines
06-06 12:30:24.038  1211  1378 I chatty  : uid=1000(system) /system/bin/netd expire 5 lines
06-06 12:30:24.063  2530  3712 E ActivityThread: Failed to find provider info for user_dictionary
06-06 12:30:24.355  1211  1402 I chatty  : uid=1000(system) Binder:1313_1 expire 3 lines
06-06 12:30:26.633  1211  2539 I chatty  : uid=1000 system_server expire 7 lines
06-06 12:30:26.662  1211  1211 I chatty  : uid=1000 system_server expire 5 lines
06-06 12:30:26.720  2545  2545 I WallpaperServices: receive MSG_WINDOW_RESIZED
06-06 12:30:26.738  2545  2545 I WallpaperServices: updateSurface redrawNeeded: false creating: false relayoutResult: 1
06-06 12:30:26.738  2545  2545 I WallpaperServices: updateSurface redrawNeeded: false mUpdateSurfaceThenRedraw: false
06-06 12:30:26.833  2530  3712 E ActivityThread: Failed to find provider info for user_dictionary
06-06 12:30:28.783  1211 14167 I chatty  : uid=1000 system_server expire 3 lines
06-06 12:30:29.814  1211  2329 I chatty  : uid=1000(system) Binder:1313_2 expire 5 lines
06-06 12:30:29.815  1211  1393 I chatty  : uid=1000 system_server expire 1 line
06-06 12:30:33.867  1211  1380 I chatty  : uid=1000(system) Binder:1314_2 expire 2 lines
06-06 12:30:34.007  1211  3463 I chatty  : uid=1000 system_server expire 1 line
06-06 12:30:35.801  1056  1169 E storaged: getDiskStats failed with result NOT_SUPPORTED and size 0
06-06 12:31:24.456  1211  3577 I chatty  : uid=1000(system) com.android.smspush expire 1 line
06-06 12:31:25.161 25359  7988 I chatty  : uid=1000(system) expire 19 lines
06-06 12:31:35.802  1056  1169 E storaged: getDiskStats failed with result NOT_SUPPORTED and size 0
06-06 12:31:41.840  1211  1377 I chatty  : uid=1000(system) /system/bin/netd expire 1 line
06-06 12:32:26.673  1211  2329 I chatty  : uid=1000(system) Binder:1313_2 expire 12 lines
06-06 12:32:26.673  1211  1393 I chatty  : uid=1000 system_server expire 1 line
06-06 12:32:28.734 25359  7988 I chatty  : uid=1000(system) expire 23 lines
06-06 12:32:35.803  1056  1169 E storaged: getDiskStats failed with result NOT_SUPPORTED and size 0
06-06 12:32:50.479  1211  1393 I chatty  : uid=1000 system_server expire 10 lines
06-06 12:33:35.805  1056  1169 E storaged: getDiskStats failed with result NOT_SUPPORTED and size 0
06-06 12:33:38.451 25359  7988 I chatty  : uid=1000(system) expire 19 lines
06-06 12:34:10.929  1211  2329 I chatty  : uid=1000(system) Binder:1313_2 expire 13 lines
06-06 12:34:35.788  1211 14167 I chatty  : uid=1000 system_server expire 8 lines
06-06 12:34:35.806  1056  1169 E storaged: getDiskStats failed with result NOT_SUPPORTED and size 0
06-06 12:34:35.913 25359  7988 I chatty  : uid=1000(system) expire 20 lines
06-06 12:35:35.806  1056  1169 E storaged: getDiskStats failed with result NOT_SUPPORTED and size 0
06-06 12:35:36.532 25359  7988 I chatty  : uid=1000(system) expire 38 lines
06-06 12:35:40.678  1211  2329 I chatty  : uid=1000(system) Binder:1313_2 expire 10 lines
06-06 12:36:35.808  1056  1169 E storaged: getDiskStats failed with result NOT_SUPPORTED and size 0
06-06 12:36:37.166 25359  7988 I chatty  : uid=1000(system) expire 12 lines
06-06 12:37:35.998  1056  1169 E storaged: getDiskStats failed with result NOT_SUPPORTED and size 0
06-06 12:37:43.901  1211  1380 I chatty  : uid=1000(system) Binder:1314_2 expire 2 lines
06-06 12:37:44.591  9013  9013 D ActivityThread: Loading provider com.whatsapp.provider.contact: com.whatsapp.contact.ContactProvider
06-06 12:37:45.027  1211  1211 I chatty  : uid=1000 system_server expire 2 lines
06-06 12:38:00.576  1211  1378 I chatty  : uid=1000(system) /system/bin/netd expire 2 lines
06-06 12:38:05.216 25359  7988 I chatty  : uid=1000(system) expire 10 lines
06-06 12:38:12.140  1211  2329 I chatty  : uid=1000(system) Binder:1313_2 expire 5 lines
06-06 12:38:14.852  2545  2545 I WallpaperServices: receive MSG_WINDOW_RESIZED
06-06 12:38:14.861  2545  2545 I WallpaperServices: updateSurface redrawNeeded: false creating: false relayoutResult: 1
06-06 12:38:14.861  2545  2545 I WallpaperServices: updateSurface redrawNeeded: false mUpdateSurfaceThenRedraw: false
06-06 12:38:14.916  1211  3577 I chatty  : uid=1000(system) com.android.smspush expire 15 lines
06-06 12:38:15.032  1211  2331 I chatty  : uid=1000(system) CallAudioModeSt expire 2 lines
06-06 12:38:15.064  2545  2545 I WallpaperServices: receive MSG_WINDOW_RESIZED
06-06 12:38:15.091  2545  2545 I WallpaperServices: updateSurface redrawNeeded: false creating: false relayoutResult: 1
06-06 12:38:15.091  2545  2545 I WallpaperServices: updateSurface redrawNeeded: false mUpdateSurfaceThenRedraw: false
06-06 12:38:15.096  2545  2545 I WallpaperServices: receive MSG_WINDOW_RESIZED
06-06 12:38:15.124  2545  2545 I WallpaperServices: updateSurface redrawNeeded: false creating: false relayoutResult: 1
06-06 12:38:15.124  2545  2545 I WallpaperServices: updateSurface redrawNeeded: false mUpdateSurfaceThenRedraw: false
06-06 12:38:15.170  2530  3712 E ActivityThread: Failed to find provider info for user_dictionary
06-06 12:38:15.824  1211  8101 I chatty  : uid=1000 system_server expire 9 lines
06-06 12:38:17.521  1211  7072 I chatty  : uid=1000(system) Binder:7059_2 expire 2 lines
06-06 12:38:17.549  1211  3463 I chatty  : uid=1000 system_server expire 8 lines
06-06 12:38:17.598  1211  9742 I chatty  : uid=1000 system_server expire 2 lines
06-06 12:38:17.750  1211  3571 I chatty  : uid=1000 system_server expire 7 lines
06-06 12:38:17.816  1211  2378 I chatty  : uid=1000 system_server expire 9 lines
06-06 12:38:17.827  1211  2818 I chatty  : uid=1000 system_server expire 2 lines
06-06 12:38:17.827  1211  2539 I chatty  : uid=1000 system_server expire 1 line
06-06 12:38:17.827  1211  3312 I chatty  : uid=1000 system_server expire 1 line
06-06 12:38:17.832  1211  3573 I chatty  : uid=1000 system_server expire 3 lines
06-06 12:38:17.869  1211  1402 I chatty  : uid=1000(system) Binder:1313_1 expire 8 lines
06-06 12:38:17.943  1211  3264 I chatty  : uid=1000 system_server expire 3 lines
06-06 12:38:17.945  1211 17165 I chatty  : uid=1000 system_server expire 4 lines
06-06 12:38:17.989  1211  3576 I chatty  : uid=1000(system) Binder:3547_2 expire 1 line
06-06 12:38:18.051  1211  1378 I chatty  : uid=1000(system) /system/bin/netd expire 10 lines
06-06 12:38:18.114  1211  2835 I chatty  : uid=1000 system_server expire 5 lines
06-06 12:38:18.165  1211  1380 I chatty  : uid=1000(system) Binder:1314_2 expire 12 lines
06-06 12:38:18.602  1211  3575 I chatty  : uid=1000 system_server expire 15 lines
06-06 12:38:19.011  2530  3712 E ActivityThread: Failed to find provider info for user_dictionary
06-06 12:38:19.731  2530  3712 E ActivityThread: Failed to find provider info for user_dictionary
06-06 12:38:20.281  1211 11870 I chatty  : uid=1000 system_server expire 2 lines
06-06 12:38:20.671  2530  3712 E ActivityThread: Failed to find provider info for user_dictionary
06-06 12:38:22.614  1211  1393 I chatty  : uid=1000 system_server expire 2 lines
06-06 12:38:23.939  2530  3712 E ActivityThread: Failed to find provider info for user_dictionary
06-06 12:38:30.543  2530  3712 E ActivityThread: Failed to find provider info for user_dictionary
06-06 12:38:31.001  1211  2287 I chatty  : uid=1000(system) Profile Saver expire 2 lines
06-06 12:38:31.526  1211  1380 I chatty  : uid=1000(system) Binder:1314_2 expire 4 lines
06-06 12:38:32.919  1211  3577 I chatty  : uid=1000(system) com.android.smspush expire 1 line
06-06 12:38:34.097  2530  3712 E ActivityThread: Failed to find provider info for user_dictionary
06-06 12:38:35.999  1056  1169 E storaged: getDiskStats failed with result NOT_SUPPORTED and size 0
06-06 12:38:38.595 25359  7988 I chatty  : uid=1000(system) expire 18 lines
06-06 12:38:43.048  1211  1378 I chatty  : uid=1000(system) /system/bin/netd expire 9 lines
06-06 12:38:43.499  1211  3264 I chatty  : uid=1000 system_server expire 11 lines
06-06 12:38:43.528  1211  1380 I chatty  : uid=1000(system) Binder:1314_2 expire 4 lines
06-06 12:38:45.301  1211 17165 I chatty  : uid=1000 system_server expire 10 lines
06-06 12:38:47.546  1211  1211 I chatty  : uid=1000 system_server expire 3 lines
06-06 12:38:50.640  1211  2835 I chatty  : uid=1000 system_server expire 4 lines
06-06 12:39:18.821  1211  2329 I chatty  : uid=1000(system) Binder:1313_2 expire 10 lines
06-06 12:39:18.823  1211  1393 I chatty  : uid=1000 system_server expire 6 lines
06-06 12:39:20.895  9436  9436 E SchedPolicy: set_timerslack_ns write failed: Operation not permitted
06-06 12:39:21.008  2530  3712 E ActivityThread: Failed to find provider info for user_dictionary
06-06 12:39:21.075 25359  7988 I chatty  : uid=1000(system) expire 13 lines
06-06 12:39:23.944  2530  3712 E ActivityThread: Failed to find provider info for user_dictionary
06-06 12:39:34.265  2530  3712 E ActivityThread: Failed to find provider info for user_dictionary
06-06 12:39:34.706  1211  1402 I chatty  : uid=1000(system) Binder:1313_1 expire 3 lines
06-06 12:39:36.000  1056  1169 E storaged: getDiskStats failed with result NOT_SUPPORTED and size 0
06-06 12:39:36.274  1211  2331 I chatty  : uid=1000(system) CallAudioModeSt expire 1 line
06-06 12:39:36.410  2530  3712 E ActivityThread: Failed to find provider info for user_dictionary
06-06 12:39:37.673  1211  3571 I chatty  : uid=1000 system_server expire 2 lines
06-06 12:39:37.756  1211  3575 I chatty  : uid=1000 system_server expire 19 lines
06-06 12:39:37.872  2530  3712 E ActivityThread: Failed to find provider info for user_dictionary
06-06 12:39:51.355  1211 11870 I chatty  : uid=1000 system_server expire 14 lines
06-06 12:40:06.623 25359  7988 I chatty  : uid=1000(system) expire 11 lines
06-06 12:40:28.173  1211  3264 I chatty  : uid=1000 system_server expire 3 lines
06-06 12:40:28.351  1211 17165 I chatty  : uid=1000 system_server expire 12 lines
06-06 12:40:36.002  1056  1169 E storaged: getDiskStats failed with result NOT_SUPPORTED and size 0
06-06 12:40:49.100 25359  7988 I chatty  : uid=1000(system) expire 16 lines
06-06 12:40:56.100  1211 11870 I chatty  : uid=1000 system_server expire 7 lines
06-06 12:41:00.260  1211 17165 I chatty  : uid=1000 system_server expire 16 lines
06-06 12:41:09.845  1211  3577 I chatty  : uid=1000(system) com.android.smspush expire 5 lines
06-06 12:41:36.005  1056  1169 E storaged: getDiskStats failed with result NOT_SUPPORTED and size 0
06-06 12:41:37.656 25359  7988 I chatty  : uid=1000(system) expire 31 lines
06-06 12:41:40.063  1211  1211 I chatty  : uid=1000 system_server expire 24 lines
06-06 12:41:42.009  1211  1378 I chatty  : uid=1000(system) /system/bin/netd expire 6 lines
06-06 12:41:42.014  1211 17165 I chatty  : uid=1000 system_server expire 6 lines
06-06 12:41:52.233  1211  3312 I chatty  : uid=1000 system_server expire 2 lines
06-06 12:41:57.731  1211  3575 I chatty  : uid=1000 system_server expire 4 lines
06-06 12:42:36.006  1056  1169 E storaged: getDiskStats failed with result NOT_SUPPORTED and size 0
06-06 12:42:38.188 25359  7988 I chatty  : uid=1000(system) expire 10 lines
06-06 12:43:17.719  1211  2329 I chatty  : uid=1000(system) Binder:1313_2 expire 5 lines
06-06 12:43:17.720  1211  1393 I chatty  : uid=1000 system_server expire 1 line
06-06 12:43:22.841  1211  3575 I chatty  : uid=1000 system_server expire 6 lines
06-06 12:43:34.270  1211 17165 I chatty  : uid=1000 system_server expire 6 lines
06-06 12:43:36.007  1056  1169 E storaged: getDiskStats failed with result NOT_SUPPORTED and size 0
06-06 12:43:37.628  1211  1211 I chatty  : uid=1000 system_server expire 24 lines
06-06 12:43:37.651  1211  1380 I chatty  : uid=1000(system) Binder:1314_2 expire 2 lines
06-06 12:43:39.419  1211  3312 I chatty  : uid=1000 system_server expire 12 lines
06-06 12:43:44.900 25359  7988 I chatty  : uid=1000(system) expire 17 lines
06-06 12:44:02.538  1211  3312 I chatty  : uid=1000 system_server expire 15 lines
06-06 12:44:04.443  1211  1211 I chatty  : uid=1000 system_server expire 50 lines
06-06 12:44:04.825  1211 17165 I chatty  : uid=1000 system_server expire 8 lines
06-06 12:44:05.308  1211  3577 I chatty  : uid=1000(system) com.android.smspush expire 16 lines
06-06 12:44:10.107  1211  1378 I chatty  : uid=1000(system) /system/bin/netd expire 12 lines
06-06 12:44:10.112  1211  3575 I chatty  : uid=1000 system_server expire 14 lines
06-06 12:44:36.008  1056  1169 E storaged: getDiskStats failed with result NOT_SUPPORTED and size 0
06-06 12:44:36.475 25359  7988 I chatty  : uid=1000(system) expire 19 lines
06-06 12:44:42.738  1211  3575 I chatty  : uid=1000 system_server expire 22 lines
06-06 12:44:44.726  1211  3312 I chatty  : uid=1000 system_server expire 5 lines
06-06 12:44:55.443  1211  1211 I chatty  : uid=1000 system_server expire 25 lines
06-06 12:45:10.929  1211  2329 I chatty  : uid=1000(system) Binder:1313_2 expire 10 lines
06-06 12:45:10.930  1211  1393 I chatty  : uid=1000 system_server expire 8 lines
06-06 12:45:12.030  1211 14167 I chatty  : uid=1000 system_server expire 10 lines
06-06 12:45:12.879  1211  1378 I chatty  : uid=1000(system) /system/bin/netd expire 6 lines
06-06 12:45:22.607  1211 11870 I chatty  : uid=1000 system_server expire 2 lines
06-06 12:45:29.944  1211  3577 I chatty  : uid=1000(system) com.android.smspush expire 4 lines
06-06 12:45:36.011  1056  1169 E storaged: getDiskStats failed with result NOT_SUPPORTED and size 0
06-06 12:45:37.100 25359  7988 I chatty  : uid=1000(system) expire 23 lines
06-06 12:45:53.799  1211  2835 I chatty  : uid=1000 system_server expire 12 lines
06-06 12:46:23.304  1211 11870 I chatty  : uid=1000 system_server expire 6 lines
06-06 12:46:36.014  1056  1169 E storaged: getDiskStats failed with result NOT_SUPPORTED and size 0
06-06 12:46:37.767 25359  7988 I chatty  : uid=1000(system) expire 18 lines
06-06 12:46:52.816  1211  2329 I chatty  : uid=1000(system) Binder:1313_2 expire 5 lines
06-06 12:46:52.817  1211  1393 I chatty  : uid=1000 system_server expire 1 line
06-06 12:46:59.294  1211  3577 I chatty  : uid=1000(system) com.android.smspush expire 2 lines
06-06 12:47:01.367  1211 14167 I chatty  : uid=1000 system_server expire 12 lines
06-06 12:47:02.437  1211  1380 I chatty  : uid=1000(system) Binder:1314_2 expire 4 lines
06-06 12:47:02.495  1211  3575 I chatty  : uid=1000 system_server expire 8 lines
06-06 12:47:11.898  1211  2835 I chatty  : uid=1000 system_server expire 9 lines
06-06 12:47:35.268  1211 11870 I chatty  : uid=1000 system_server expire 12 lines
06-06 12:47:36.018  1056  1169 E storaged: getDiskStats failed with result NOT_SUPPORTED and size 0
06-06 12:47:38.518 25359  7988 I chatty  : uid=1000(system) expire 10 lines
06-06 12:47:43.531  1211  1211 I chatty  : uid=1000 system_server expire 13 lines
06-06 12:48:05.442  1211 14167 I chatty  : uid=1000 system_server expire 6 lines
06-06 12:48:06.729  2545  2545 V DeadZone: consuming errant click: (374.6531,45.037354)
06-06 12:48:06.730  2545  2545 V DeadZone: consuming errant click: (374.6531,45.037354)
06-06 12:48:07.194  1211  3577 I chatty  : uid=1000(system) com.android.smspush expire 12 lines
06-06 12:48:09.928  2530  3712 E ActivityThread: Failed to find provider info for user_dictionary
06-06 12:48:10.935  1211  2331 I chatty  : uid=1000(system) CallAudioModeSt expire 1 line
06-06 12:48:10.967  1211  1211 I chatty  : uid=1000 system_server expire 13 lines
06-06 12:48:11.015  1211  3561 I chatty  : uid=1000(system) Signal Catcher expire 3 lines
06-06 12:48:11.057  2530  3712 E ActivityThread: Failed to find provider info for user_dictionary
06-06 12:48:11.058  1211  2378 I chatty  : uid=1000 system_server expire 1 line
06-06 12:48:11.109  1211  1378 I chatty  : uid=1000(system) /system/bin/netd expire 9 lines
06-06 12:48:11.443  1211  1402 I chatty  : uid=1000(system) Binder:1313_1 expire 3 lines
06-06 12:48:11.824  1211 17165 I chatty  : uid=1000 system_server expire 3 lines
06-06 12:48:11.895 25359  7988 I chatty  : uid=1000(system) expire 10 lines
06-06 12:48:12.152  1211  1379 I chatty  : uid=1000(system) Binder:1314_1 expire 3 lines
06-06 12:48:14.144  1211  2528 I chatty  : uid=1000 system_server expire 1 line
06-06 12:48:15.151  1211  7118 I chatty  : uid=1000 system_server expire 6 lines
06-06 12:48:15.156  2530  3712 E ActivityThread: Failed to find provider info for user_dictionary
06-06 12:48:17.947  1211  3571 I chatty  : uid=1000 system_server expire 4 lines
06-06 12:48:24.996  1211  2835 I chatty  : uid=1000 system_server expire 6 lines
06-06 12:48:28.608  1211  3577 I chatty  : uid=1000(system) com.android.smspush expire 3 lines
06-06 12:48:31.743  1211 14167 I chatty  : uid=1000 system_server expire 18 lines
06-06 12:48:36.021  1056  1169 E storaged: getDiskStats failed with result NOT_SUPPORTED and size 0
06-06 12:48:39.470  1211 11870 I chatty  : uid=1000 system_server expire 2 lines
06-06 12:48:42.285 25359  7988 I chatty  : uid=1000(system) expire 23 lines
06-06 12:48:52.486  1211  3577 I chatty  : uid=1000(system) com.android.smspush expire 21 lines
06-06 12:48:55.288  1211  2329 I chatty  : uid=1000(system) Binder:1313_2 expire 5 lines
06-06 12:48:55.290  1211  1393 I chatty  : uid=1000 system_server expire 1 line
06-06 12:48:55.388  1211  7118 I chatty  : uid=1000 system_server expire 14 lines
06-06 12:48:58.429  1211  1378 I chatty  : uid=1000(system) /system/bin/netd expire 21 lines
06-06 12:48:58.430  2530  3712 E ActivityThread: Failed to find provider info for user_dictionary
06-06 12:48:58.440  1211  2331 I chatty  : uid=1000(system) CallAudioModeSt expire 3 lines
06-06 12:48:58.596  1211  1402 I chatty  : uid=1000(system) Binder:1313_1 expire 16 lines
06-06 12:48:58.893  1211  2528 I chatty  : uid=1000 system_server expire 14 lines
06-06 12:48:59.289  2530  3712 E ActivityThread: Failed to find provider info for user_dictionary
06-06 12:49:00.448  1211 11870 I chatty  : uid=1000 system_server expire 3 lines
06-06 12:49:00.545  1211  2378 I chatty  : uid=1000 system_server expire 1 line
06-06 12:49:00.621  2530  3712 E ActivityThread: Failed to find provider info for user_dictionary
06-06 12:49:01.538  2530  3712 E ActivityThread: Failed to find provider info for user_dictionary
06-06 12:49:03.888  1211  2835 I chatty  : uid=1000 system_server expire 15 lines
06-06 12:49:04.055  2530  3712 E ActivityThread: Failed to find provider info for user_dictionary
06-06 12:49:04.100  1211  1211 I chatty  : uid=1000 system_server expire 12 lines
06-06 12:49:05.110  2530  3712 E ActivityThread: Failed to find provider info for user_dictionary
06-06 12:49:06.110  1211  1380 I chatty  : uid=1000(system) Binder:1314_2 expire 6 lines
06-06 12:49:08.763  2530  3712 E ActivityThread: Failed to find provider info for user_dictionary
06-06 12:49:31.400  1211  3571 I chatty  : uid=1000 system_server expire 10 lines
06-06 12:49:36.022  1056  1169 E storaged: getDiskStats failed with result NOT_SUPPORTED and size 0
06-06 12:49:36.961 25359  7988 I chatty  : uid=1000(system) expire 10 lines
06-06 12:49:47.802  2530  3712 E ActivityThread: Failed to find provider info for user_dictionary
06-06 12:49:59.320  2530  3712 E ActivityThread: Failed to find provider info for user_dictionary
06-06 12:50:04.890  1211 14167 I chatty  : uid=1000 system_server expire 6 lines
06-06 12:50:05.291  1211  2331 I chatty  : uid=1000(system) CallAudioModeSt expire 2 lines
06-06 12:50:05.466  2530  3712 E ActivityThread: Failed to find provider info for user_dictionary
06-06 12:50:06.083  1211 11916 I chatty  : uid=1000 system_server expire 2 lines
06-06 12:50:07.157  1211 11917 I chatty  : uid=1000 system_server expire 2 lines
06-06 12:50:08.296  2530  3712 E ActivityThread: Failed to find provider info for user_dictionary
06-06 12:50:12.692  1211  2528 I chatty  : uid=1000 system_server expire 11 lines
06-06 12:50:22.548 25359  7988 I chatty  : uid=1000(system) expire 10 lines
06-06 12:50:23.168  1211  2835 I chatty  : uid=1000 system_server expire 11 lines
06-06 12:50:28.149  1211  7118 I chatty  : uid=1000 system_server expire 6 lines
06-06 12:50:36.028  1056  1169 E storaged: getDiskStats failed with result NOT_SUPPORTED and size 0
06-06 12:50:39.976  1211  2329 I chatty  : uid=1000(system) Binder:1313_2 expire 5 lines
06-06 12:50:39.976  1211  1393 I chatty  : uid=1000 system_server expire 1 line
06-06 12:50:46.492  1211  1378 I chatty  : uid=1000(system) /system/bin/netd expire 10 lines
06-06 12:50:46.512  2530  3712 E ActivityThread: Failed to find provider info for user_dictionary
06-06 12:50:46.783  1211 11870 I chatty  : uid=1000 system_server expire 3 lines
06-06 12:50:48.698  2530  3712 E ActivityThread: Failed to find provider info for user_dictionary
06-06 12:50:48.882  1211  1402 I chatty  : uid=1000(system) Binder:1313_1 expire 3 lines
06-06 12:50:49.027  1211  2835 I chatty  : uid=1000 system_server expire 6 lines
06-06 12:50:52.037  2545  2545 V DeadZone: consuming errant click: (733.321,17.050293)
06-06 12:50:52.039  2545  2545 V DeadZone: consuming errant click: (733.321,17.050293)
06-06 12:50:52.958 25359  7988 I chatty  : uid=1000(system) expire 10 lines
06-06 12:51:12.775  2530  3712 E ActivityThread: Failed to find provider info for user_dictionary
06-06 12:51:14.973  1211 12257 I chatty  : uid=1000 system_server expire 2 lines
06-06 12:51:15.102  2530  3712 E ActivityThread: Failed to find provider info for user_dictionary
06-06 12:51:15.744  2530  3712 E ActivityThread: Failed to find provider info for user_dictionary
06-06 12:51:17.937  1211 12259 I chatty  : uid=1000 system_server expire 2 lines
06-06 12:51:18.059  2530  3712 E ActivityThread: Failed to find provider info for user_dictionary
06-06 12:51:19.140  2530  3712 E ActivityThread: Failed to find provider info for user_dictionary
06-06 12:51:20.338 25359  7988 I chatty  : uid=1000(system) expire 10 lines
06-06 12:51:22.102  2530  3712 E ActivityThread: Failed to find provider info for user_dictionary
06-06 12:51:30.804  2530  3712 E ActivityThread: Failed to find provider info for user_dictionary
06-06 12:51:36.029  1056  1169 E storaged: getDiskStats failed with result NOT_SUPPORTED and size 0
06-06 12:51:44.052  2530  3712 E ActivityThread: Failed to find provider info for user_dictionary
06-06 12:51:44.745  1211  2528 I chatty  : uid=1000 system_server expire 5 lines
06-06 12:51:44.987  2530  3712 E ActivityThread: Failed to find provider info for user_dictionary
06-06 12:51:46.085  2530  3712 E ActivityThread: Failed to find provider info for user_dictionary
06-06 12:51:47.218  2530  3712 E ActivityThread: Failed to find provider info for user_dictionary
06-06 12:51:48.492  2530  3712 E ActivityThread: Failed to find provider info for user_dictionary
06-06 12:51:52.530  2530  3712 E ActivityThread: Failed to find provider info for user_dictionary
06-06 12:51:53.759 25359  7988 I chatty  : uid=1000(system) expire 22 lines
06-06 12:51:56.433  1211  3571 I chatty  : uid=1000 system_server expire 19 lines
06-06 12:51:57.997  1211 14167 I chatty  : uid=1000 system_server expire 5 lines
06-06 12:52:27.467  2530  3712 E ActivityThread: Failed to find provider info for user_dictionary
